[00:17:14] [main/INFO] ========================================
[00:17:14] [main/INFO] Minecraft: 1.20.1
[00:17:14] [main/INFO] Side: server
[00:17:14] [main/INFO] Development: false
[00:17:14] [main/INFO] Version: 12.1.785
[00:17:14] [main/INFO] Loader:
[00:17:14] [main/INFO] - Fabric: 0.16.14
[00:17:14] [main/INFO] - Fabric API: 0.92.6+1.20.1
[00:17:14] [main/INFO] Dependencies:
[00:17:14] [main/INFO] - Cloth Config: 11.1.136
[00:17:14] [main/INFO] - Architectury: 9.2.14
[00:17:14] [main/INFO] Mixin: 0.8.7
[00:17:14] [main/INFO] OS: Linux 6.8.0-1030-azure (amd64)
[00:17:14] [main/INFO] Java: 17.0.15 (Ubuntu)
[00:17:14] [main/INFO] ========================================
[00:17:14] [main/INFO] Mods:
[00:17:14] [main/INFO] - additionaladditions: 6.0.1
[00:17:14] [main/INFO] - adorabuild_structures: 2.8.0
[00:17:14] [main/INFO] - adventurez: 1.4.20
[00:17:14] [main/INFO] - amendments: 1.20-1.2.19
[00:17:14] [main/INFO] - amplified_nether: 1.2.5
[00:17:14] [main/INFO] - another_furniture: 1.20.1-3.0.1
[00:17:14] [main/INFO] - appleskin: 2.5.1+mc1.20
[00:17:14] [main/INFO] - architectury: 9.2.14
[00:17:14] [main/INFO] - archon: 0.8.1
[00:17:14] [main/INFO] - armorful: 3.1.3+1.20.1
[00:17:14] [main/INFO] - attributefix: 21.0.4
[00:17:14] [main/INFO] - autoconfig1u: 3.4.0
[00:17:14] [main/INFO] - azurelib: 3.0.8
[00:17:14] [main/INFO] - azurelibarmor: 2.0.14
[00:17:14] [main/INFO] - backslot: 1.2.15
[00:17:14] [main/INFO] - balm: 7.3.31
[00:17:14] [main/INFO] - bclib: 3.0.14
[00:17:14] [main/INFO] - betteradvancements: 0.3.2.161
[00:17:14] [main/INFO] - bettercombat: 1.8.6+1.20.1
[00:17:14] [main/INFO] - betterdeserttemples: 1.20-Fabric-3.0.3
[00:17:14] [main/INFO] - betterdungeons: 1.20-Fabric-4.0.4
[00:17:14] [main/INFO] - betterend: 4.0.11
[00:17:14] [main/INFO] - betterendisland: 1.20-Fabric-2.0.6
[00:17:14] [main/INFO] - betterfortresses: 1.20-Fabric-2.0.6
[00:17:14] [main/INFO] - betterjungletemples: 1.20-Fabric-2.0.5
[00:17:14] [main/INFO] - bettermineshafts: 1.20-Fabric-4.0.4
[00:17:14] [main/INFO] - betternether: 9.0.10
[00:17:14] [main/INFO] - betteroceanmonuments: 1.20-Fabric-3.0.4
[00:17:14] [main/INFO] - betterstrongholds: 1.20-Fabric-4.0.3
[00:17:14] [main/INFO] - betterwitchhuts: 1.20-Fabric-3.0.3
[00:17:14] [main/INFO] - biolith: 1.0.0-beta.1
[00:17:14] [main/INFO] - biomesoplenty: 19.0.0.96
[00:17:14] [main/INFO] - blue_endless_jankson: 1.2.3
[00:17:14] [main/INFO] - bookshelf: 20.2.13
[00:17:14] [main/INFO] - bushierflowers: 0.0.3-1.20.1
[00:17:14] [main/INFO] - cardinal-components: 5.2.3
[00:17:14] [main/INFO] - cardinal-components-base: 5.2.3
[00:17:14] [main/INFO] - cardinal-components-block: 5.2.3
[00:17:14] [main/INFO] - cardinal-components-chunk: 5.2.3
[00:17:14] [main/INFO] - cardinal-components-entity: 5.2.3
[00:17:14] [main/INFO] - cardinal-components-item: 5.2.3
[00:17:14] [main/INFO] - cardinal-components-level: 5.2.3
[00:17:14] [main/INFO] - cardinal-components-scoreboard: 5.2.3
[00:17:14] [main/INFO] - cardinal-components-world: 5.2.3
[00:17:14] [main/INFO] - cavedust: 3.0.1
[00:17:14] [main/INFO] - charmofundying: 6.5.0+1.20.1
[00:17:14] [main/INFO] - chunky: 1.3.146
[00:17:14] [main/INFO] - cinderscapes: 4.0.10
[00:17:14] [main/INFO] - cinderscapes-common: 4.0.10
[00:17:14] [main/INFO] - cinderscapes-worldgen: 4.0.10
[00:17:14] [main/INFO] - cloth-basic-math: 0.6.1
[00:17:14] [main/INFO] - cloth-config: 11.1.136
[00:17:14] [main/INFO] - cloth-config: 11.1.136
[00:17:14] [main/INFO] - collective: 8.3
[00:17:14] [main/INFO] - com_electronwill_night-config_core: 3.6.7
[00:17:14] [main/INFO] - com_electronwill_night-config_toml: 3.6.7
[00:17:14] [main/INFO] - com_eliotlash_mclib_mclib: 20
[00:17:14] [main/INFO] - com_fasterxml_jackson_core_jackson-annotations: 2.15.2
[00:17:14] [main/INFO] - com_fasterxml_jackson_core_jackson-core: 2.15.2
[00:17:14] [main/INFO] - com_fasterxml_jackson_core_jackson-databind: 2.15.2
[00:17:14] [main/INFO] - com_github_redempt_crunch: 2.0.3
[00:17:14] [main/INFO] - com_github_zsoltmolnarrr_tinyconfig: 2.3.2
[00:17:14] [main/INFO] - com_hrakaroo_glob: 0.9.0
[00:17:14] [main/INFO] - com_moulberry_mixinconstraints: 1.0.1
[00:17:14] [main/INFO] - com_teamresourceful_bytecodecs: 1.0.2
[00:17:14] [main/INFO] - com_teamresourceful_yabn: 1.0.3
[00:17:14] [main/INFO] - com_twelvemonkeys_common_common-image: 3.12.0
[00:17:14] [main/INFO] - com_twelvemonkeys_common_common-io: 3.12.0
[00:17:14] [main/INFO] - com_twelvemonkeys_common_common-lang: 3.12.0
[00:17:14] [main/INFO] - com_twelvemonkeys_imageio_imageio-core: 3.12.0
[00:17:14] [main/INFO] - com_twelvemonkeys_imageio_imageio-metadata: 3.12.0
[00:17:14] [main/INFO] - com_twelvemonkeys_imageio_imageio-webp: 3.12.0
[00:17:14] [main/INFO] - comforts: 6.4.0+1.20.1
[00:17:14] [main/INFO] - common-protection-api: 1.0.0
[00:17:14] [main/INFO] - creativecore: 2.12.33
[00:17:14] [main/INFO] - creeperoverhaul: 3.0.2
[00:17:14] [main/INFO] - cristellib: 1.1.5
[00:17:14] [main/INFO] - customportalapi: 0.0.1-beta64-1.20
[00:17:14] [main/INFO] - darkpaintings: 17.0.4
[00:17:14] [main/INFO] - death_knights: 1.0.0
[00:17:14] [main/INFO] - deeperdarker: 1.3.3
[00:17:14] [main/INFO] - dungeons_arise: 2.1.57
[00:17:14] [main/INFO] - dungeons_arise_seven_seas: 1.0.2
[00:17:14] [main/INFO] - dungeonz: 1.0.6
[00:17:14] [main/INFO] - effectdescriptions: 8.0.2
[00:17:14] [main/INFO] - endermanoverhaul: 1.0.4
[00:17:14] [main/INFO] - entityculling: 1.7.4
[00:17:14] [main/INFO] - error_notifier: 1.0.9
[00:17:14] [main/INFO] - eternal_attributes: 1.0.0
[00:17:14] [main/INFO] - explorations: 1.20.1-1.6.1
[00:17:14] [main/INFO] - explorify: 1.6.2
[00:17:14] [main/INFO] - extensibleenums: 7.0.1
[00:17:14] [main/INFO] - extraspellattributes: 1.3.2
[00:17:14] [main/INFO] - fabric-api: 0.92.6+1.20.1
[00:17:14] [main/INFO] - fabric-api: 0.92.6+1.20.1
[00:17:14] [main/INFO] - fabric-api-base: 0.4.32+1802ada577
[00:17:14] [main/INFO] - fabric-api-lookup-api-v1: 1.6.37+1802ada577
[00:17:14] [main/INFO] - fabric-biome-api-v1: 13.0.14+1802ada577
[00:17:14] [main/INFO] - fabric-block-api-v1: 1.0.12+1802ada577
[00:17:14] [main/INFO] - fabric-block-view-api-v2: 1.0.3+924f046a77
[00:17:14] [main/INFO] - fabric-command-api-v1: 1.2.35+f71b366f77
[00:17:14] [main/INFO] - fabric-command-api-v2: 2.2.14+1802ada577
[00:17:14] [main/INFO] - fabric-commands-v0: 0.2.52+df3654b377
[00:17:14] [main/INFO] - fabric-containers-v0: 0.1.67+df3654b377
[00:17:14] [main/INFO] - fabric-content-registries-v0: 4.0.13+1802ada577
[00:17:14] [main/INFO] - fabric-convention-tags-v1: 1.5.6+1802ada577
[00:17:14] [main/INFO] - fabric-crash-report-info-v1: 0.2.20+1802ada577
[00:17:14] [main/INFO] - fabric-data-attachment-api-v1: 1.0.2+de0fd6d177
[00:17:14] [main/INFO] - fabric-data-generation-api-v1: 12.3.7+1802ada577
[00:17:14] [main/INFO] - fabric-dimensions-v1: 2.1.55+1802ada577
[00:17:14] [main/INFO] - fabric-entity-events-v1: 1.6.1+1c78457f77
[00:17:14] [main/INFO] - fabric-events-interaction-v0: 0.6.5+13a40c6677
[00:17:14] [main/INFO] - fabric-events-lifecycle-v0: 0.2.64+df3654b377
[00:17:14] [main/INFO] - fabric-game-rule-api-v1: 1.0.41+1802ada577
[00:17:14] [main/INFO] - fabric-item-api-v1: 2.1.29+1802ada577
[00:17:14] [main/INFO] - fabric-item-group-api-v1: 4.0.14+1802ada577
[00:17:14] [main/INFO] - fabric-language-kotlin: 1.13.3+kotlin.2.1.21
[00:17:14] [main/INFO] - fabric-lifecycle-events-v1: 2.2.23+1802ada577
[00:17:14] [main/INFO] - fabric-loot-api-v2: 1.2.3+1802ada577
[00:17:14] [main/INFO] - fabric-loot-tables-v1: 1.1.47+9e7660c677
[00:17:14] [main/INFO] - fabric-message-api-v1: 5.1.10+1802ada577
[00:17:14] [main/INFO] - fabric-mining-level-api-v1: 2.1.52+1802ada577
[00:17:14] [main/INFO] - fabric-networking-api-v1: 1.3.14+a158aa0477
[00:17:14] [main/INFO] - fabric-networking-v0: 0.3.54+df3654b377
[00:17:14] [main/INFO] - fabric-object-builder-api-v1: 11.1.5+e35120df77
[00:17:14] [main/INFO] - fabric-particles-v1: 1.1.3+1802ada577
[00:17:14] [main/INFO] - fabric-permissions-api-v0: 0.3.1
[00:17:14] [main/INFO] - fabric-recipe-api-v1: 1.0.24+1802ada577
[00:17:14] [main/INFO] - fabric-registry-sync-v0: 2.3.6+1802ada577
[00:17:14] [main/INFO] - fabric-rendering-data-attachment-v1: 0.3.39+92a0d36777
[00:17:14] [main/INFO] - fabric-rendering-fluids-v1: 3.0.29+1802ada577
[00:17:14] [main/INFO] - fabric-resource-conditions-api-v1: 2.3.9+1802ada577
[00:17:14] [main/INFO] - fabric-resource-loader-v0: 0.11.12+fb82e9d777
[00:17:14] [main/INFO] - fabric-screen-handler-api-v1: 1.3.33+1802ada577
[00:17:14] [main/INFO] - fabric-transfer-api-v1: 3.3.6+8dd72ea377
[00:17:14] [main/INFO] - fabric-transitive-access-wideners-v1: 4.3.2+1802ada577
[00:17:14] [main/INFO] - fabricloader: 0.16.14
[00:17:14] [main/INFO] - fallingtree: 4.3.4
[00:17:14] [main/INFO] - ferritecore: 6.0.1
[00:17:14] [main/INFO] - fiber: 0.23.0-2
[00:17:14] [main/INFO] - forgeconfigapiport: 8.0.2
[00:17:14] [main/INFO] - formations: 1.0.3
[00:17:14] [main/INFO] - formationsnether: 1.0.5
[00:17:14] [main/INFO] - formationsoverworld: 1.0.4
[00:17:14] [main/INFO] - fwaystones: 3.3.3+mc1.20.1
[00:17:14] [main/INFO] - fzzy_config: 0.7.0+1.20.1
[00:17:14] [main/INFO] - gardens_of_the_dead: 4.0.1
[00:17:14] [main/INFO] - geckolib: 4.7.1.3
[00:17:14] [main/INFO] - geophilic: 3.4.1
[00:17:14] [main/INFO] - gimm1q: 0.7.9+1.20.1
[00:17:14] [main/INFO] - glitchcore: 0.0.1.1
[00:17:14] [main/INFO] - grassoverhaul: 25.1.31
[00:17:14] [main/INFO] - gravestones: v1.15
[00:17:14] [main/INFO] - graveyard: 3.0
[00:17:14] [main/INFO] - hearths: 1.0.3
[00:17:14] [main/INFO] - iceberg: 1.1.25
[00:17:14] [main/INFO] - illagerinvasion: 8.0.7
[00:17:14] [main/INFO] - immersive_armors: 1.7.0+1.20.1
[00:17:14] [main/INFO] - immersive_weathering: 1.20.1-2.0.5
[00:17:14] [main/INFO] - imst: 2.1.0
[00:17:14] [main/INFO] - incendium: 5.3.5
[00:17:14] [main/INFO] - inventorymanagement: 1.3.1
[00:17:14] [main/INFO] - inventorysorter: 1.9.0-1.20
[00:17:14] [main/INFO] - jade: 11.12.3+fabric
[00:17:14] [main/INFO] - jadeaddons: 5.4.0+fabric
[00:17:14] [main/INFO] - jankson: 5.0.1+j1.2.2
[00:17:14] [main/INFO] - java: 17
[00:17:14] [main/INFO] - jeed: 1.20-2.2.5
[00:17:14] [main/INFO] - jewelry: 1.3.7+1.20.1
[00:17:14] [main/INFO] - journeymap: 5.10.3
[00:17:14] [main/INFO] - journeymap-api-fabric: 1.20-1.9-fabric-SNAPSHOT
[00:17:14] [main/INFO] - justenoughbreeding: 1.5.0
[00:17:14] [main/INFO] - kirin: 1.15.6+1.20.1
[00:17:14] [main/INFO] - konkrete: 1.8.1
[00:17:14] [main/INFO] - kuma_api: 20.1.10
[00:17:14] [main/INFO] - kyrptconfig: 1.5.6-1.20
[00:17:14] [main/INFO] - libgui: 8.0.1+1.20
[00:17:14] [main/INFO] - libninepatch: 1.2.0
[00:17:14] [main/INFO] - libz: 1.0.3
[00:17:14] [main/INFO] - lithium: 0.11.3
[00:17:14] [main/INFO] - lithostitched: 1.4.7
[00:17:14] [main/INFO] - lootr: 0.7.35.85
[00:17:14] [main/INFO] - mcda: 5.0.2
[00:17:14] [main/INFO] - mcdar: 4.0.5
[00:17:14] [main/INFO] - mcde: 1.6.4-1.20
[00:17:14] [main/INFO] - mcdw: 9.0.4
[00:17:14] [main/INFO] - mcwbridges: 3.1.0
[00:17:14] [main/INFO] - mcwdoors: 1.1.2
[00:17:14] [main/INFO] - mcwfences: 1.2.0
[00:17:14] [main/INFO] - mcwfurnitures: 3.3.0
[00:17:14] [main/INFO] - mcwlights: 1.1.2
[00:17:14] [main/INFO] - mcwpaintings: 1.0.5
[00:17:14] [main/INFO] - mcwpaths: 1.1.0
[00:17:14] [main/INFO] - mcwroofs: 2.3.2
[00:17:14] [main/INFO] - mcwstairs: 1.0.1
[00:17:14] [main/INFO] - mcwtrpdoors: 1.1.4
[00:17:14] [main/INFO] - mcwwindows: 2.3.0
[00:17:14] [main/INFO] - melody: 1.0.3
[00:17:14] [main/INFO] - memoryleakfix: 1.1.5
[00:17:14] [main/INFO] - mes: 1.3.4-1.20-fabric
[00:17:14] [main/INFO] - midnightlib: 1.4.1
[00:17:14] [main/INFO] - minecells: 1.9.2
[00:17:14] [main/INFO] - minecraft: 1.20.1
[00:17:14] [main/INFO] - mixinextras: 0.4.1
[00:17:14] [main/INFO] - mobcaptains: 3.1.1
[00:17:14] [main/INFO] - moonlight: 1.20-2.14.5
[00:17:14] [main/INFO] - moremobs: 1.5.4+mod
[00:17:14] [main/INFO] - moremobvariants: 1.3.1
[00:17:14] [main/INFO] - mozombies_wave: 1.20.1-0.1.0
[00:17:14] [main/INFO] - mr_blossom_blade: 1.2
[00:17:14] [main/INFO] - mr_dungeons: 1.8.4b
[00:17:14] [main/INFO] - mr_dungeons_andtaverns: 3.0.3.f
[00:17:14] [main/INFO] - mr_dungeons_andtavernsstrongholdrework: 1
[00:17:14] [main/INFO] - mr_dungeons_andtavernsswamphutrework: 1
[00:17:14] [main/INFO] - mr_lithosphere: 1.5
[00:17:14] [main/INFO] - mr_mine_treasure: 1.3.2
[00:17:14] [main/INFO] - mr_tidal_towns: 1.3.4
[00:17:14] [main/INFO] - mr_vanilla_refresh: 1.4.19h
[00:17:14] [main/INFO] - mru: 1.0.4+1.20.1+fabric
[00:17:14] [main/INFO] - mutantmonsters: 8.0.7
[00:17:14] [main/INFO] - mvs: 4.1.5-1.20-fabric
[00:17:14] [main/INFO] - naturalist: 4.0.3
[00:17:14] [main/INFO] - necronomicon: 1.6.0
[00:17:14] [main/INFO] - net_jodah_typetools: 0.6.3
[00:17:14] [main/INFO] - net_minecraftforge_eventbus: 6.0.3
[00:17:14] [main/INFO] - net_peanuuutz_tomlkt_tomlkt-jvm: 0.3.7
[00:17:14] [main/INFO] - noisium: 2.3.0+mc1.20-1.20.1
[00:17:14] [main/INFO] - notenoughanimations: 1.9.3
[00:17:14] [main/INFO] - nyctophobia: 1.9
[00:17:14] [main/INFO] - nyfsspiders: 2.1.1
[00:17:14] [main/INFO] - omega-config: 1.4.0+1.20.1
[00:17:14] [main/INFO] - org_javassist_javassist: 3.29.2-GA
[00:17:14] [main/INFO] - org_jetbrains_kotlin_kotlin-reflect: 2.1.21
[00:17:14] [main/INFO] - org_jetbrains_kotlin_kotlin-stdlib: 2.1.21
[00:17:14] [main/INFO] - org_jetbrains_kotlin_kotlin-stdlib-jdk7: 2.1.21
[00:17:14] [main/INFO] - org_jetbrains_kotlin_kotlin-stdlib-jdk8: 2.1.21
[00:17:14] [main/INFO] - org_jetbrains_kotlinx_atomicfu-jvm: 0.27.0
[00:17:14] [main/INFO] - org_jetbrains_kotlinx_kotlinx-coroutines-core-jvm: 1.10.2
[00:17:14] [main/INFO] - org_jetbrains_kotlinx_kotlinx-coroutines-jdk8: 1.10.2
[00:17:14] [main/INFO] - org_jetbrains_kotlinx_kotlinx-datetime-jvm: 0.6.2
[00:17:14] [main/INFO] - org_jetbrains_kotlinx_kotlinx-io-bytestring-jvm: 0.7.0
[00:17:14] [main/INFO] - org_jetbrains_kotlinx_kotlinx-io-core-jvm: 0.7.0
[00:17:14] [main/INFO] - org_jetbrains_kotlinx_kotlinx-serialization-cbor-jvm: 1.8.1
[00:17:14] [main/INFO] - org_jetbrains_kotlinx_kotlinx-serialization-core-jvm: 1.8.1
[00:17:14] [main/INFO] - org_jetbrains_kotlinx_kotlinx-serialization-json-jvm: 1.8.1
[00:17:14] [main/INFO] - org_quiltmc_parsers_gson: 0.2.1
[00:17:14] [main/INFO] - org_quiltmc_parsers_json: 0.2.1
[00:17:14] [main/INFO] - org_reflections_reflections: 0.10.2
[00:17:14] [main/INFO] - owo: 0.11.2+1.20
[00:17:14] [main/INFO] - packet_tweaker: 0.4.0+1.19.4
[00:17:14] [main/INFO] - paladins: 1.4.0+1.20.1
[00:17:14] [main/INFO] - patchouli: 1.20.1-84.1-FABRIC
[00:17:14] [main/INFO] - philipsruins: 5.4
[00:17:14] [main/INFO] - pickupnotifier: 8.0.0
[00:17:14] [main/INFO] - ping-wheel: 1.10.2
[00:17:14] [main/INFO] - placeholder-api: 2.1.3+1.20.1
[00:17:14] [main/INFO] - platform: 1.2.10
[00:17:14] [main/INFO] - player-animator: 1.0.2-rc1+1.20
[00:17:14] [main/INFO] - polymer-common: 0.5.19+1.20.1
[00:17:14] [main/INFO] - polymer-core: 0.5.19+1.20.1
[00:17:14] [main/INFO] - polymer-networking: 0.5.19+1.20.1
[00:17:14] [main/INFO] - polymer-registry-sync-manipulator: 0.5.19+1.20.1
[00:17:14] [main/INFO] - polymer-resource-pack: 0.5.19+1.20.1
[00:17:14] [main/INFO] - polymer-virtual-entity: 0.5.19+1.20.1
[00:17:14] [main/INFO] - predicate-api: 0.2.1+1.20.1
[00:17:14] [main/INFO] - projectile_damage: 3.2.3+1.20.1
[00:17:14] [main/INFO] - puzzlesaccessapi: 20.1.1
[00:17:14] [main/INFO] - puzzleslib: 8.1.32
[00:17:14] [main/INFO] - ranged_weapon_api: 1.1.4+1.20.1
[00:17:14] [main/INFO] - reach-entity-attributes: 2.4.0
[00:17:14] [main/INFO] - regions_unexplored: 0.5.6+1.20.1
[00:17:14] [main/INFO] - repurposed_structures: 7.1.18+1.20.1-fabric
[00:17:14] [main/INFO] - resourcefulconfig: 2.1.3
[00:17:14] [main/INFO] - resourcefullib: 2.1.29
[00:17:14] [main/INFO] - rottencreatures: 1.1.0
[00:17:14] [main/INFO] - roughlyenoughitems: 12.1.785
[00:17:14] [main/INFO] - rpgdifficulty: 1.3.16
[00:17:14] [main/INFO] - runes: 0.9.13+1.20.1
[00:17:14] [main/INFO] - saflib: 1.1.0
[00:17:14] [main/INFO] - seasons: 2.4.2-BETA+1.20
[00:17:14] [main/INFO] - seasonsextras: 1.3.2-BETA+1.20
[00:17:14] [main/INFO] - server_translations_api: 2.0.0+1.20
[00:17:14] [main/INFO] - sgui: 1.2.2+1.20
[00:17:14] [main/INFO] - shield_api: 1.0.0+1.20.1
[00:17:14] [main/INFO] - silk-all: 1.10.1
[00:17:14] [main/INFO] - silk-commands: 1.10.1
[00:17:14] [main/INFO] - silk-core: 1.10.1
[00:17:14] [main/INFO] - silk-game: 1.10.1
[00:17:14] [main/INFO] - silk-igui: 1.10.1
[00:17:14] [main/INFO] - silk-nbt: 1.10.1
[00:17:14] [main/INFO] - silk-network: 1.10.1
[00:17:14] [main/INFO] - silk-persistence: 1.10.1
[00:17:14] [main/INFO] - simplyswords: 1.56.0-1.20.1
[00:17:14] [main/INFO] - soulsweapons: 1.2.4-1.20.1-fabric
[00:17:14] [main/INFO] - sound_physics_remastered: 1.20.1-1.4.10
[00:17:14] [main/INFO] - spawnanimations: 1.10.1+mod
[00:17:14] [main/INFO] - spawners_plus: 4.3.3-1.20.1
[00:17:14] [main/INFO] - spectrelib: 0.13.15+1.20.1
[00:17:14] [main/INFO] - spell_engine: 0.15.12+1.20.1
[00:17:14] [main/INFO] - spell_power: 0.12.0+1.20.1
[00:17:14] [main/INFO] - spellbladenext: 2.3.0+1.20.1
[00:17:14] [main/INFO] - spellbound_weapons_mr: 4.0.5m
[00:17:14] [main/INFO] - structory: 1.3.5
[00:17:14] [main/INFO] - structure_pool_api: 1.0+1.20.1
[00:17:14] [main/INFO] - subtle_effects: 1.11.0
[00:17:14] [main/INFO] - sushi_bar: 0.2.2+1.20
[00:17:14] [main/INFO] - t_and_t: 1.12
[00:17:14] [main/INFO] - talkbubbles: 1.0.8
[00:17:14] [main/INFO] - tectonic: 3.0.1
[00:17:14] [main/INFO] - terrablender: 3.0.1.10
[00:17:14] [main/INFO] - terraform-biome-remapper-api-v1: 7.0.3
[00:17:14] [main/INFO] - terraform-config-api-v1: 7.0.3
[00:17:14] [main/INFO] - terraform-dirt-api-v1: 7.0.3
[00:17:14] [main/INFO] - terraform-shapes-api-v1: 7.0.3
[00:17:14] [main/INFO] - terraform-surfaces-api-v1: 7.0.3
[00:17:14] [main/INFO] - terraform-tree-api-v1: 7.0.3
[00:17:14] [main/INFO] - terraform-wood-api-v1: 7.0.3
[00:17:14] [main/INFO] - terralith: 2.5.4
[00:17:14] [main/INFO] - terrestria: 6.0.13
[00:17:14] [main/INFO] - terrestria-common: 6.0.13
[00:17:14] [main/INFO] - terrestria-worldgen: 6.0.13
[00:17:14] [main/INFO] - toolstats: 16.0.9
[00:17:14] [main/INFO] - travelersbackpack: 9.1.37
[00:17:14] [main/INFO] - traverse: 7.0.12
[00:17:14] [main/INFO] - traverse-common: 7.0.12
[00:17:14] [main/INFO] - traverse-worldgen: 7.0.12
[00:17:14] [main/INFO] - trinkets: 3.7.2
[00:17:14] [main/INFO] - universal-graves: 3.0.3+1.20.1
[00:17:14] [main/INFO] - villagernames: 8.2
[00:17:14] [main/INFO] - villagersplus: 3.1
[00:17:14] [main/INFO] - villagesandpillages: 1.0.2
[00:17:14] [main/INFO] - visualworkbench: 8.0.0
[00:17:14] [main/INFO] - watching: 1.9.2
[00:17:14] [main/INFO] - waveycapes: 1.5.2
[00:17:14] [main/INFO] - waystones: 14.1.13
[00:17:14] [main/INFO] - wizards: 1.4.1+1.20.1
[00:17:14] [main/INFO] - wunderlib: 1.1.5
[00:17:14] [main/INFO] - yet_another_config_lib_v3: 3.6.6+1.20.1-fabric
[00:17:14] [main/INFO] - yungsapi: 1.20-Fabric-4.0.6
[00:17:14] [main/INFO] - yungsbridges: 1.20-Fabric-4.0.3
[00:17:14] [main/INFO] - yungscavebiomes: 1.20.1-Fabric-2.0.5
[00:17:14] [main/INFO] - yungsextras: 1.20-Fabric-4.0.3
[00:17:14] [main/INFO] - yungsmenutweaks: 1.20.1-Fabric-1.0.2
[00:17:14] [main/INFO] ========================================
[00:17:14] [main/INFO] [REI] Registered plugin provider DefaultPlugin [roughlyenoughitems] for REIPlugin
[00:17:14] [main/INFO] [REI] Registered plugin provider DefaultRuntimePlugin [roughlyenoughitems] for REIPlugin
[00:17:14] [main/INFO] [REI] Registered plugin provider DefaultPlugin [roughlyenoughitems] for REIServerPlugin
[00:17:14] [main/INFO] [REI] Registered plugin provider DefaultRuntimePlugin [roughlyenoughitems] for REIServerPlugin
[00:17:14] [main/INFO] [REI] Registered plugin provider FabricFluidAPISupportPlugin for REIServerPlugin
[00:17:14] [main/INFO] [REI] Registered plugin provider FabricFluidAPISupportPlugin for REIPlugin
[00:17:23] [Worker-Main-2/DEBUG] [REI] Processed 8 tags in 697.6 μs for minecraft:fluid
[00:17:23] [Worker-Main-1/DEBUG] [REI] Processed 0 tags in 80.63 μs for minecraft:worldgen/structure
[00:17:23] [Worker-Main-2/DEBUG] [REI] Processed 0 tags in 9.408 μs for moonlight:soft_fluids
[00:17:23] [Worker-Main-2/DEBUG] [REI] Processed 0 tags in 7.614 μs for minecraft:dimension_type
[00:17:23] [Worker-Main-1/DEBUG] [REI] Processed 0 tags in 5.751 μs for minecraft:worldgen/processor_list
[00:17:23] [Worker-Main-2/DEBUG] [REI] Processed 7 tags in 126.0 μs for minecraft:game_event
[00:17:23] [Worker-Main-2/DEBUG] [REI] Processed 2 tags in 114.3 μs for minecraft:painting_variant
[00:17:23] [Worker-Main-2/DEBUG] [REI] Processed 7 tags in 63.47 μs for minecraft:banner_pattern
[00:17:23] [Worker-Main-1/DEBUG] [REI] Processed 100 tags in 1.310 ms for minecraft:entity_type
[00:17:23] [Worker-Main-2/DEBUG] [REI] Processed 0 tags in 6.192 μs for minecraft:worldgen/world_preset
[00:17:23] [Worker-Main-2/DEBUG] [REI] Processed 0 tags in 14.36 μs for minecraft:damage_type
[00:17:23] [Worker-Main-2/DEBUG] [REI] Processed 0 tags in 4.769 μs for minecraft:worldgen/flat_level_generator_preset
[00:17:23] [Worker-Main-2/DEBUG] [REI] Processed 2 tags in 30.18 μs for minecraft:mob_effect
[00:17:23] [Worker-Main-2/DEBUG] [REI] Processed 3 tags in 43.91 μs for minecraft:point_of_interest_type
[00:17:23] [Worker-Main-2/DEBUG] [REI] Processed 2 tags in 20.20 μs for minecraft:cat_variant
[00:17:23] [Worker-Main-3/DEBUG] [REI] Processed 733 tags in 8.822 ms for minecraft:item
[00:17:23] [Worker-Main-2/DEBUG] [REI] Processed 4 tags in 13.98 μs for minecraft:instrument
[00:17:23] [Worker-Main-3/DEBUG] [REI] Processed 0 tags in 8.616 μs for minecraft:worldgen/structure_set
[00:17:23] [Worker-Main-2/DEBUG] [REI] Processed 8 tags in 50.90 μs for minecraft:enchantment
[00:17:23] [Worker-Main-1/DEBUG] [REI] Processed 876 tags in 12.50 ms for minecraft:block
[00:17:23] [Worker-Main-3/DEBUG] [REI] Processed 0 tags in 266.9 μs for minecraft:worldgen/biome
[00:17:32] [main/DEBUG] [REI] Starting Reload Plugins of stage null
java.lang.Throwable
	at knot//me.shedaniel.rei.impl.common.plugins.ReloadManagerImpl.reloadPlugins(ReloadManagerImpl.java:110)
	at knot//me.shedaniel.rei.RoughlyEnoughItemsCore.lambda$onInitialize$5(RoughlyEnoughItemsCore.java:163)
	at java.base/java.util.concurrent.CompletableFuture$UniRun.tryFire(CompletableFuture.java:787)
	at java.base/java.util.concurrent.CompletableFuture$Completion.run(CompletableFuture.java:482)
	at knot//net.minecraft.class_4014.method_18365(class_4014.java:69)
	at knot//net.minecraft.class_156.method_43498(class_156.java:950)
	at knot//net.minecraft.class_156.method_43499(class_156.java:938)
	at knot//net.minecraft.server.Main.main(Main.java:160)
	at net.fabricmc.loader.impl.game.minecraft.MinecraftGameProvider.launch(MinecraftGameProvider.java:480)
	at net.fabricmc.loader.impl.launch.knot.Knot.launch(Knot.java:74)
	at net.fabricmc.loader.impl.launch.knot.KnotServer.main(KnotServer.java:23)
	at net.fabricmc.loader.impl.launch.server.FabricServerLauncher.main(FabricServerLauncher.java:69)
	at net.fabricmc.installer.ServerLauncher.main(ServerLauncher.java:69)
[00:17:32] [main/DEBUG] [REI] ========================================
[00:17:32] [main/DEBUG] [REI] REIPlugin starting pre-reload for START.
[00:17:32] [main/DEBUG] [REI] Reloadables (7):
[00:17:32] [main/DEBUG] [REI]  - EntryTypeRegistryImpl
[00:17:32] [main/DEBUG] [REI]  - EntrySettingsAdapterRegistryImpl
[00:17:32] [main/DEBUG] [REI]  - RecipeManagerContextImpl
[00:17:32] [main/DEBUG] [REI]  - ItemComparatorRegistryImpl
[00:17:32] [main/DEBUG] [REI]  - FluidComparatorRegistryImpl
[00:17:32] [main/DEBUG] [REI]  - DisplaySerializerRegistryImpl
[00:17:32] [main/DEBUG] [REI]  - FluidSupportProviderImpl
[00:17:32] [main/DEBUG] [REI] Plugins (3):
[00:17:32] [main/DEBUG] [REI]  - (-100.00) DefaultPlugin of DefaultPlugin [roughlyenoughitems]
[00:17:32] [main/DEBUG] [REI]  - (0.00) FabricFluidAPISupportPlugin
[00:17:32] [main/DEBUG] [REI]  - (0.00) DefaultRuntimePlugin of DefaultRuntimePlugin [roughlyenoughitems]
[00:17:32] [main/DEBUG] [REI] ========================================
[00:17:32] [main/TRACE] [REI] [REIPlugin START] Reloading Section: "pre-register/"
[00:17:32] [main/TRACE] [REI] [REIPlugin START] Reloading Section: "pre-register/DefaultPlugin of DefaultPlugin [roughlyenoughitems]/"
[00:17:32] [main/TRACE] [REI] [REIPlugin START] Reloading Section: "pre-register/DefaultPlugin of DefaultPlugin [roughlyenoughitems]/" done in 1.038 ms
[00:17:32] [main/TRACE] [REI] [REIPlugin START] Reloading Section: "pre-register/FabricFluidAPISupportPlugin/"
[00:17:32] [main/TRACE] [REI] [REIPlugin START] Reloading Section: "pre-register/FabricFluidAPISupportPlugin/" done in 44.06 μs
[00:17:32] [main/TRACE] [REI] [REIPlugin START] Reloading Section: "pre-register/DefaultRuntimePlugin of DefaultRuntimePlugin [roughlyenoughitems]/"
[00:17:32] [main/TRACE] [REI] [REIPlugin START] Reloading Section: "pre-register/DefaultRuntimePlugin of DefaultRuntimePlugin [roughlyenoughitems]/" done in 40.76 μs
[00:17:32] [main/TRACE] [REI] [REIPlugin START] Reloading Section: "pre-register/" done in 10.64 ms
[00:17:32] [main/TRACE] [REI] [REIPlugin START] Reloading Section: "pre-stage/"
[00:17:32] [main/TRACE] [REI] [REIPlugin START] Reloading Section: "pre-stage/EntryTypeRegistryImpl/"
[00:17:32] [main/TRACE] [REI] [REIPlugin START] Reloading Section: "pre-stage/EntryTypeRegistryImpl/" done in 223.2 μs
[00:17:32] [main/TRACE] [REI] [REIPlugin START] Reloading Section: "pre-stage/EntrySettingsAdapterRegistryImpl/"
[00:17:32] [main/TRACE] [REI] [REIPlugin START] Reloading Section: "pre-stage/EntrySettingsAdapterRegistryImpl/" done in 37.46 μs
[00:17:32] [main/TRACE] [REI] [REIPlugin START] Reloading Section: "pre-stage/RecipeManagerContextImpl/"
[00:17:32] [main/TRACE] [REI] [REIPlugin START] Reloading Section: "pre-stage/RecipeManagerContextImpl/" done in 40.62 μs
[00:17:32] [main/TRACE] [REI] [REIPlugin START] Reloading Section: "pre-stage/ItemComparatorRegistryImpl/"
[00:17:32] [main/TRACE] [REI] [REIPlugin START] Reloading Section: "pre-stage/ItemComparatorRegistryImpl/" done in 33.68 μs
[00:17:32] [main/TRACE] [REI] [REIPlugin START] Reloading Section: "pre-stage/FluidComparatorRegistryImpl/"
[00:17:32] [main/TRACE] [REI] [REIPlugin START] Reloading Section: "pre-stage/FluidComparatorRegistryImpl/" done in 37.79 μs
[00:17:32] [main/TRACE] [REI] [REIPlugin START] Reloading Section: "pre-stage/DisplaySerializerRegistryImpl/"
[00:17:32] [main/TRACE] [REI] [REIPlugin START] Reloading Section: "pre-stage/DisplaySerializerRegistryImpl/" done in 35.90 μs
[00:17:32] [main/TRACE] [REI] [REIPlugin START] Reloading Section: "pre-stage/FluidSupportProviderImpl/"
[00:17:32] [main/TRACE] [REI] [REIPlugin START] Reloading Section: "pre-stage/FluidSupportProviderImpl/" done in 34.83 μs
[00:17:32] [main/TRACE] [REI] [REIPlugin START] Reloading Section: "pre-stage/" done in 1.089 ms
[00:17:32] [main/DEBUG] [REI] ========================================
[00:17:32] [main/DEBUG] [REI] REIPlugin finished pre-reload for START in 12.28 ms.
[00:17:32] [main/DEBUG] [REI] ========================================
[00:17:32] [main/DEBUG] [REI] ========================================
[00:17:32] [main/DEBUG] [REI] REIServerPlugin starting pre-reload for START.
[00:17:32] [main/DEBUG] [REI] Reloadables (2):
[00:17:32] [main/DEBUG] [REI]  - MenuInfoRegistryImpl
[00:17:32] [main/DEBUG] [REI]  - SlotAccessorRegistryImpl
[00:17:32] [main/DEBUG] [REI] Plugins (3):
[00:17:32] [main/DEBUG] [REI]  - (-100.00) DefaultPlugin of DefaultPlugin [roughlyenoughitems]
[00:17:32] [main/DEBUG] [REI]  - (0.00) FabricFluidAPISupportPlugin
[00:17:32] [main/DEBUG] [REI]  - (0.00) DefaultRuntimePlugin of DefaultRuntimePlugin [roughlyenoughitems]
[00:17:32] [main/DEBUG] [REI] ========================================
[00:17:32] [main/TRACE] [REI] [REIServerPlugin START] Reloading Section: "pre-register/"
[00:17:32] [main/TRACE] [REI] [REIServerPlugin START] Reloading Section: "pre-register/DefaultPlugin of DefaultPlugin [roughlyenoughitems]/"
[00:17:32] [main/TRACE] [REI] [REIServerPlugin START] Reloading Section: "pre-register/DefaultPlugin of DefaultPlugin [roughlyenoughitems]/" done in 39.58 μs
[00:17:32] [main/TRACE] [REI] [REIServerPlugin START] Reloading Section: "pre-register/FabricFluidAPISupportPlugin/"
[00:17:32] [main/TRACE] [REI] [REIServerPlugin START] Reloading Section: "pre-register/FabricFluidAPISupportPlugin/" done in 41.67 μs
[00:17:32] [main/TRACE] [REI] [REIServerPlugin START] Reloading Section: "pre-register/DefaultRuntimePlugin of DefaultRuntimePlugin [roughlyenoughitems]/"
[00:17:32] [main/TRACE] [REI] [REIServerPlugin START] Reloading Section: "pre-register/DefaultRuntimePlugin of DefaultRuntimePlugin [roughlyenoughitems]/" done in 39.12 μs
[00:17:32] [main/TRACE] [REI] [REIServerPlugin START] Reloading Section: "pre-register/" done in 378.2 μs
[00:17:32] [main/TRACE] [REI] [REIServerPlugin START] Reloading Section: "pre-stage/"
[00:17:32] [main/TRACE] [REI] [REIServerPlugin START] Reloading Section: "pre-stage/MenuInfoRegistryImpl/"
[00:17:32] [main/TRACE] [REI] [REIServerPlugin START] Reloading Section: "pre-stage/MenuInfoRegistryImpl/" done in 38.68 μs
[00:17:32] [main/TRACE] [REI] [REIServerPlugin START] Reloading Section: "pre-stage/SlotAccessorRegistryImpl/"
[00:17:32] [main/TRACE] [REI] [REIServerPlugin START] Reloading Section: "pre-stage/SlotAccessorRegistryImpl/" done in 36.84 μs
[00:17:32] [main/TRACE] [REI] [REIServerPlugin START] Reloading Section: "pre-stage/" done in 298.5 μs
[00:17:32] [main/DEBUG] [REI] ========================================
[00:17:32] [main/DEBUG] [REI] REIServerPlugin finished pre-reload for START in 817.2 μs.
[00:17:32] [main/DEBUG] [REI] ========================================
[00:17:32] [main/INFO] [REI] ****************************************
[00:17:32] [main/INFO] [REI] REIPlugin starting main-reload for START.
[00:17:32] [main/DEBUG] [REI] Reloadables (7):
[00:17:32] [main/DEBUG] [REI]  - EntryTypeRegistryImpl
[00:17:32] [main/DEBUG] [REI]  - EntrySettingsAdapterRegistryImpl
[00:17:32] [main/DEBUG] [REI]  - RecipeManagerContextImpl
[00:17:32] [main/DEBUG] [REI]  - ItemComparatorRegistryImpl
[00:17:32] [main/DEBUG] [REI]  - FluidComparatorRegistryImpl
[00:17:32] [main/DEBUG] [REI]  - DisplaySerializerRegistryImpl
[00:17:32] [main/DEBUG] [REI]  - FluidSupportProviderImpl
[00:17:32] [main/INFO] [REI] Plugins (3):
[00:17:32] [main/INFO] [REI]  - (-100.00) DefaultPlugin of DefaultPlugin [roughlyenoughitems]
[00:17:32] [main/INFO] [REI]  - (0.00) FabricFluidAPISupportPlugin
[00:17:32] [main/INFO] [REI]  - (0.00) DefaultRuntimePlugin of DefaultRuntimePlugin [roughlyenoughitems]
[00:17:32] [main/INFO] [REI] ****************************************
[00:17:32] [main/TRACE] [REI] [REIPlugin START] Reloading Section: "start-reload/"
[00:17:32] [main/TRACE] [REI] [REIPlugin START] Reloading Section: "start-reload/EntryTypeRegistryImpl/"
[00:17:32] [main/TRACE] [REI] [REIPlugin START] Reloading Section: "start-reload/EntryTypeRegistryImpl/" done in 54.87 μs
[00:17:32] [main/TRACE] [REI] [REIPlugin START] Reloading Section: "start-reload/EntrySettingsAdapterRegistryImpl/"
[00:17:32] [main/TRACE] [REI] [REIPlugin START] Reloading Section: "start-reload/EntrySettingsAdapterRegistryImpl/" done in 30.45 μs
[00:17:32] [main/TRACE] [REI] [REIPlugin START] Reloading Section: "start-reload/RecipeManagerContextImpl/"
[00:17:32] [main/TRACE] [REI] [REIPlugin START] Reloading Section: "start-reload/RecipeManagerContextImpl/" done in 51.02 μs
[00:17:32] [main/TRACE] [REI] [REIPlugin START] Reloading Section: "start-reload/ItemComparatorRegistryImpl/"
[00:17:32] [main/TRACE] [REI] [REIPlugin START] Reloading Section: "start-reload/ItemComparatorRegistryImpl/" done in 43.27 μs
[00:17:32] [main/TRACE] [REI] [REIPlugin START] Reloading Section: "start-reload/FluidComparatorRegistryImpl/"
[00:17:32] [main/TRACE] [REI] [REIPlugin START] Reloading Section: "start-reload/FluidComparatorRegistryImpl/" done in 27.12 μs
[00:17:32] [main/TRACE] [REI] [REIPlugin START] Reloading Section: "start-reload/DisplaySerializerRegistryImpl/"
[00:17:32] [main/TRACE] [REI] [REIPlugin START] Reloading Section: "start-reload/DisplaySerializerRegistryImpl/" done in 24.31 μs
[00:17:32] [main/TRACE] [REI] [REIPlugin START] Reloading Section: "start-reload/FluidSupportProviderImpl/"
[00:17:32] [main/TRACE] [REI] [REIPlugin START] Reloading Section: "start-reload/FluidSupportProviderImpl/" done in 34.23 μs
[00:17:32] [main/TRACE] [REI] [REIPlugin START] Reloading Section: "start-reload/" done in 737.9 μs
[00:17:32] [main/DEBUG] [REI] ========================================
[00:17:32] [main/DEBUG] [REI] REIPlugin started main-reload for START.
[00:17:32] [main/DEBUG] [REI] ========================================
[00:17:32] [main/TRACE] [REI] [REIPlugin START] Reloading Section: "reloadable-plugin/EntryTypeRegistryImpl/"
[00:17:32] [main/TRACE] [REI] [REIPlugin START] Reloading Section: "reloadable-plugin/EntryTypeRegistryImpl/DefaultPlugin of DefaultPlugin [roughlyenoughitems]/"
[00:17:32] [main/TRACE] [REI] [REIPlugin START] Reloading Section: "reloadable-plugin/EntryTypeRegistryImpl/DefaultPlugin of DefaultPlugin [roughlyenoughitems]/" done in 271.8 μs
[00:17:32] [main/TRACE] [REI] [REIPlugin START] Reloading Section: "reloadable-plugin/EntryTypeRegistryImpl/FabricFluidAPISupportPlugin/"
[00:17:32] [main/TRACE] [REI] [REIPlugin START] Reloading Section: "reloadable-plugin/EntryTypeRegistryImpl/FabricFluidAPISupportPlugin/" done in 61.68 μs
[00:17:32] [main/TRACE] [REI] [REIPlugin START] Reloading Section: "reloadable-plugin/EntryTypeRegistryImpl/DefaultRuntimePlugin of DefaultRuntimePlugin [roughlyenoughitems]/"
[00:17:32] [main/TRACE] [REI] [REIPlugin START] Reloading Section: "reloadable-plugin/EntryTypeRegistryImpl/DefaultRuntimePlugin of DefaultRuntimePlugin [roughlyenoughitems]/" done in 6.932 ms
[00:17:32] [main/TRACE] [REI] [REIPlugin START] Reloading Section: "reloadable-plugin/EntryTypeRegistryImpl/" done in 8.156 ms
[00:17:32] [main/TRACE] [REI] [REIPlugin START] Reloading Section: "reloadable-plugin/EntrySettingsAdapterRegistryImpl/"
[00:17:32] [main/TRACE] [REI] [REIPlugin START] Reloading Section: "reloadable-plugin/EntrySettingsAdapterRegistryImpl/DefaultPlugin of DefaultPlugin [roughlyenoughitems]/"
[00:17:32] [main/TRACE] [REI] [REIPlugin START] Reloading Section: "reloadable-plugin/EntrySettingsAdapterRegistryImpl/DefaultPlugin of DefaultPlugin [roughlyenoughitems]/" done in 48.12 μs
[00:17:32] [main/TRACE] [REI] [REIPlugin START] Reloading Section: "reloadable-plugin/EntrySettingsAdapterRegistryImpl/FabricFluidAPISupportPlugin/"
[00:17:32] [main/TRACE] [REI] [REIPlugin START] Reloading Section: "reloadable-plugin/EntrySettingsAdapterRegistryImpl/FabricFluidAPISupportPlugin/" done in 44.90 μs
[00:17:32] [main/TRACE] [REI] [REIPlugin START] Reloading Section: "reloadable-plugin/EntrySettingsAdapterRegistryImpl/DefaultRuntimePlugin of DefaultRuntimePlugin [roughlyenoughitems]/"
[00:17:32] [main/TRACE] [REI] [REIPlugin START] Reloading Section: "reloadable-plugin/EntrySettingsAdapterRegistryImpl/DefaultRuntimePlugin of DefaultRuntimePlugin [roughlyenoughitems]/" done in 44.86 μs
[00:17:32] [main/TRACE] [REI] [REIPlugin START] Reloading Section: "reloadable-plugin/EntrySettingsAdapterRegistryImpl/" done in 449.0 μs
[00:17:32] [main/TRACE] [REI] [REIPlugin START] Reloading Section: "reloadable-plugin/RecipeManagerContextImpl/"
[00:17:32] [main/TRACE] [REI] [REIPlugin START] Reloading Section: "reloadable-plugin/RecipeManagerContextImpl/DefaultPlugin of DefaultPlugin [roughlyenoughitems]/"
[00:17:32] [main/TRACE] [REI] [REIPlugin START] Reloading Section: "reloadable-plugin/RecipeManagerContextImpl/DefaultPlugin of DefaultPlugin [roughlyenoughitems]/" done in 42.02 μs
[00:17:32] [main/TRACE] [REI] [REIPlugin START] Reloading Section: "reloadable-plugin/RecipeManagerContextImpl/FabricFluidAPISupportPlugin/"
[00:17:32] [main/TRACE] [REI] [REIPlugin START] Reloading Section: "reloadable-plugin/RecipeManagerContextImpl/FabricFluidAPISupportPlugin/" done in 43.70 μs
[00:17:32] [main/TRACE] [REI] [REIPlugin START] Reloading Section: "reloadable-plugin/RecipeManagerContextImpl/DefaultRuntimePlugin of DefaultRuntimePlugin [roughlyenoughitems]/"
[00:17:32] [main/TRACE] [REI] [REIPlugin START] Reloading Section: "reloadable-plugin/RecipeManagerContextImpl/DefaultRuntimePlugin of DefaultRuntimePlugin [roughlyenoughitems]/" done in 53.41 μs
[00:17:32] [main/TRACE] [REI] [REIPlugin START] Reloading Section: "reloadable-plugin/RecipeManagerContextImpl/" done in 435.8 μs
[00:17:32] [main/TRACE] [REI] [REIPlugin START] Reloading Section: "reloadable-plugin/ItemComparatorRegistryImpl/"
[00:17:32] [main/TRACE] [REI] [REIPlugin START] Reloading Section: "reloadable-plugin/ItemComparatorRegistryImpl/DefaultPlugin of DefaultPlugin [roughlyenoughitems]/"
[00:17:32] [main/TRACE] [REI] [REIPlugin START] Reloading Section: "reloadable-plugin/ItemComparatorRegistryImpl/DefaultPlugin of DefaultPlugin [roughlyenoughitems]/" done in 971.8 μs
[00:17:32] [main/TRACE] [REI] [REIPlugin START] Reloading Section: "reloadable-plugin/ItemComparatorRegistryImpl/FabricFluidAPISupportPlugin/"
[00:17:32] [main/TRACE] [REI] [REIPlugin START] Reloading Section: "reloadable-plugin/ItemComparatorRegistryImpl/FabricFluidAPISupportPlugin/" done in 75.33 μs
[00:17:32] [main/TRACE] [REI] [REIPlugin START] Reloading Section: "reloadable-plugin/ItemComparatorRegistryImpl/DefaultRuntimePlugin of DefaultRuntimePlugin [roughlyenoughitems]/"
[00:17:32] [main/TRACE] [REI] [REIPlugin START] Reloading Section: "reloadable-plugin/ItemComparatorRegistryImpl/DefaultRuntimePlugin of DefaultRuntimePlugin [roughlyenoughitems]/" done in 28.88 μs
[00:17:32] [main/TRACE] [REI] [REIPlugin START] Reloading Section: "reloadable-plugin/ItemComparatorRegistryImpl/" done in 1.375 ms
[00:17:32] [main/TRACE] [REI] [REIPlugin START] Reloading Section: "reloadable-plugin/FluidComparatorRegistryImpl/"
[00:17:32] [main/TRACE] [REI] [REIPlugin START] Reloading Section: "reloadable-plugin/FluidComparatorRegistryImpl/DefaultPlugin of DefaultPlugin [roughlyenoughitems]/"
[00:17:32] [main/TRACE] [REI] [REIPlugin START] Reloading Section: "reloadable-plugin/FluidComparatorRegistryImpl/DefaultPlugin of DefaultPlugin [roughlyenoughitems]/" done in 37.83 μs
[00:17:32] [main/TRACE] [REI] [REIPlugin START] Reloading Section: "reloadable-plugin/FluidComparatorRegistryImpl/FabricFluidAPISupportPlugin/"
[00:17:32] [main/TRACE] [REI] [REIPlugin START] Reloading Section: "reloadable-plugin/FluidComparatorRegistryImpl/FabricFluidAPISupportPlugin/" done in 27.65 μs
[00:17:32] [main/TRACE] [REI] [REIPlugin START] Reloading Section: "reloadable-plugin/FluidComparatorRegistryImpl/DefaultRuntimePlugin of DefaultRuntimePlugin [roughlyenoughitems]/"
[00:17:32] [main/TRACE] [REI] [REIPlugin START] Reloading Section: "reloadable-plugin/FluidComparatorRegistryImpl/DefaultRuntimePlugin of DefaultRuntimePlugin [roughlyenoughitems]/" done in 26.97 μs
[00:17:32] [main/TRACE] [REI] [REIPlugin START] Reloading Section: "reloadable-plugin/FluidComparatorRegistryImpl/" done in 334.1 μs
[00:17:32] [main/TRACE] [REI] [REIPlugin START] Reloading Section: "reloadable-plugin/DisplaySerializerRegistryImpl/"
[00:17:32] [main/TRACE] [REI] [REIPlugin START] Reloading Section: "reloadable-plugin/DisplaySerializerRegistryImpl/DefaultPlugin of DefaultPlugin [roughlyenoughitems]/"
[00:17:32] [main/TRACE] [REI] [REIPlugin START] Reloading Section: "reloadable-plugin/DisplaySerializerRegistryImpl/DefaultPlugin of DefaultPlugin [roughlyenoughitems]/" done in 40.64 μs
[00:17:32] [main/TRACE] [REI] [REIPlugin START] Reloading Section: "reloadable-plugin/DisplaySerializerRegistryImpl/FabricFluidAPISupportPlugin/"
[00:17:32] [main/TRACE] [REI] [REIPlugin START] Reloading Section: "reloadable-plugin/DisplaySerializerRegistryImpl/FabricFluidAPISupportPlugin/" done in 47.79 μs
[00:17:32] [main/TRACE] [REI] [REIPlugin START] Reloading Section: "reloadable-plugin/DisplaySerializerRegistryImpl/DefaultRuntimePlugin of DefaultRuntimePlugin [roughlyenoughitems]/"
[00:17:32] [main/TRACE] [REI] [REIPlugin START] Reloading Section: "reloadable-plugin/DisplaySerializerRegistryImpl/DefaultRuntimePlugin of DefaultRuntimePlugin [roughlyenoughitems]/" done in 38.78 μs
[00:17:32] [main/TRACE] [REI] [REIPlugin START] Reloading Section: "reloadable-plugin/DisplaySerializerRegistryImpl/" done in 479.4 μs
[00:17:32] [main/TRACE] [REI] [REIPlugin START] Reloading Section: "reloadable-plugin/FluidSupportProviderImpl/"
[00:17:32] [main/TRACE] [REI] [REIPlugin START] Reloading Section: "reloadable-plugin/FluidSupportProviderImpl/DefaultPlugin of DefaultPlugin [roughlyenoughitems]/"
[00:17:32] [main/TRACE] [REI] [REIPlugin START] Reloading Section: "reloadable-plugin/FluidSupportProviderImpl/DefaultPlugin of DefaultPlugin [roughlyenoughitems]/" done in 444.2 μs
[00:17:32] [main/TRACE] [REI] [REIPlugin START] Reloading Section: "reloadable-plugin/FluidSupportProviderImpl/FabricFluidAPISupportPlugin/"
[00:17:32] [main/TRACE] [REI] [REIPlugin START] Reloading Section: "reloadable-plugin/FluidSupportProviderImpl/FabricFluidAPISupportPlugin/" done in 243.0 μs
[00:17:32] [main/TRACE] [REI] [REIPlugin START] Reloading Section: "reloadable-plugin/FluidSupportProviderImpl/DefaultRuntimePlugin of DefaultRuntimePlugin [roughlyenoughitems]/"
[00:17:32] [main/TRACE] [REI] [REIPlugin START] Reloading Section: "reloadable-plugin/FluidSupportProviderImpl/DefaultRuntimePlugin of DefaultRuntimePlugin [roughlyenoughitems]/" done in 44.02 μs
[00:17:32] [main/TRACE] [REI] [REIPlugin START] Reloading Section: "reloadable-plugin/FluidSupportProviderImpl/" done in 1.040 ms
[00:17:32] [main/DEBUG] [REI] ========================================
[00:17:32] [main/DEBUG] [REI] REIPlugin ending main-reload for START.
[00:17:32] [main/DEBUG] [REI] ========================================
[00:17:32] [main/TRACE] [REI] [REIPlugin START] Reloading Section: "end-reload/"
[00:17:32] [main/TRACE] [REI] [REIPlugin START] Reloading Section: "end-reload/EntryTypeRegistryImpl/"
[00:17:32] [main/TRACE] [REI] [REIPlugin START] Reloading Section: "end-reload/EntryTypeRegistryImpl/" done in 41.95 μs
[00:17:32] [main/TRACE] [REI] [REIPlugin START] Reloading Section: "end-reload/EntrySettingsAdapterRegistryImpl/"
[00:17:32] [main/TRACE] [REI] [REIPlugin START] Reloading Section: "end-reload/EntrySettingsAdapterRegistryImpl/" done in 32.72 μs
[00:17:32] [main/TRACE] [REI] [REIPlugin START] Reloading Section: "end-reload/RecipeManagerContextImpl/"
[00:17:32] [main/TRACE] [REI] [REIPlugin START] Reloading Section: "end-reload/RecipeManagerContextImpl/" done in 32.24 μs
[00:17:32] [main/TRACE] [REI] [REIPlugin START] Reloading Section: "end-reload/ItemComparatorRegistryImpl/"
[00:17:32] [main/TRACE] [REI] [REIPlugin START] Reloading Section: "end-reload/ItemComparatorRegistryImpl/" done in 47.48 μs
[00:17:32] [main/TRACE] [REI] [REIPlugin START] Reloading Section: "end-reload/FluidComparatorRegistryImpl/"
[00:17:32] [main/TRACE] [REI] [REIPlugin START] Reloading Section: "end-reload/FluidComparatorRegistryImpl/" done in 31.20 μs
[00:17:32] [main/TRACE] [REI] [REIPlugin START] Reloading Section: "end-reload/DisplaySerializerRegistryImpl/"
[00:17:32] [main/TRACE] [REI] [REIPlugin START] Reloading Section: "end-reload/DisplaySerializerRegistryImpl/" done in 32.39 μs
[00:17:32] [main/TRACE] [REI] [REIPlugin START] Reloading Section: "end-reload/FluidSupportProviderImpl/"
[00:17:32] [main/TRACE] [REI] [REIPlugin START] Reloading Section: "end-reload/FluidSupportProviderImpl/" done in 29.79 μs
[00:17:32] [main/TRACE] [REI] [REIPlugin START] Reloading Section: "end-reload/" done in 756.1 μs
[00:17:32] [main/DEBUG] [REI] ========================================
[00:17:32] [main/DEBUG] [REI] REIPlugin ended main-reload for START in 16.15 ms.
[00:17:32] [main/DEBUG] [REI] ========================================
[00:17:32] [main/INFO] [REI] ****************************************
[00:17:32] [main/INFO] [REI] REIServerPlugin starting main-reload for START.
[00:17:32] [main/DEBUG] [REI] Reloadables (2):
[00:17:32] [main/DEBUG] [REI]  - MenuInfoRegistryImpl
[00:17:32] [main/DEBUG] [REI]  - SlotAccessorRegistryImpl
[00:17:32] [main/INFO] [REI] Plugins (3):
[00:17:32] [main/INFO] [REI]  - (-100.00) DefaultPlugin of DefaultPlugin [roughlyenoughitems]
[00:17:32] [main/INFO] [REI]  - (0.00) FabricFluidAPISupportPlugin
[00:17:32] [main/INFO] [REI]  - (0.00) DefaultRuntimePlugin of DefaultRuntimePlugin [roughlyenoughitems]
[00:17:32] [main/INFO] [REI] ****************************************
[00:17:32] [main/TRACE] [REI] [REIServerPlugin START] Reloading Section: "start-reload/"
[00:17:32] [main/TRACE] [REI] [REIServerPlugin START] Reloading Section: "start-reload/MenuInfoRegistryImpl/"
[00:17:32] [main/TRACE] [REI] [REIServerPlugin START] Reloading Section: "start-reload/MenuInfoRegistryImpl/" done in 37.02 μs
[00:17:32] [main/TRACE] [REI] [REIServerPlugin START] Reloading Section: "start-reload/SlotAccessorRegistryImpl/"
[00:17:32] [main/TRACE] [REI] [REIServerPlugin START] Reloading Section: "start-reload/SlotAccessorRegistryImpl/" done in 32.74 μs
[00:17:32] [main/TRACE] [REI] [REIServerPlugin START] Reloading Section: "start-reload/" done in 250.8 μs
[00:17:32] [main/DEBUG] [REI] ========================================
[00:17:32] [main/DEBUG] [REI] REIServerPlugin started main-reload for START.
[00:17:32] [main/DEBUG] [REI] ========================================
[00:17:32] [main/TRACE] [REI] [REIServerPlugin START] Reloading Section: "reloadable-plugin/MenuInfoRegistryImpl/"
[00:17:32] [main/TRACE] [REI] [REIServerPlugin START] Reloading Section: "reloadable-plugin/MenuInfoRegistryImpl/DefaultPlugin of DefaultPlugin [roughlyenoughitems]/"
[00:17:32] [main/TRACE] [REI] [REIServerPlugin START] Reloading Section: "reloadable-plugin/MenuInfoRegistryImpl/DefaultPlugin of DefaultPlugin [roughlyenoughitems]/" done in 49.22 μs
[00:17:32] [main/TRACE] [REI] [REIServerPlugin START] Reloading Section: "reloadable-plugin/MenuInfoRegistryImpl/FabricFluidAPISupportPlugin/"
[00:17:32] [main/TRACE] [REI] [REIServerPlugin START] Reloading Section: "reloadable-plugin/MenuInfoRegistryImpl/FabricFluidAPISupportPlugin/" done in 36.13 μs
[00:17:32] [main/TRACE] [REI] [REIServerPlugin START] Reloading Section: "reloadable-plugin/MenuInfoRegistryImpl/DefaultRuntimePlugin of DefaultRuntimePlugin [roughlyenoughitems]/"
[00:17:32] [main/TRACE] [REI] [REIServerPlugin START] Reloading Section: "reloadable-plugin/MenuInfoRegistryImpl/DefaultRuntimePlugin of DefaultRuntimePlugin [roughlyenoughitems]/" done in 39.57 μs
[00:17:32] [main/TRACE] [REI] [REIServerPlugin START] Reloading Section: "reloadable-plugin/MenuInfoRegistryImpl/" done in 397.2 μs
[00:17:32] [main/TRACE] [REI] [REIServerPlugin START] Reloading Section: "reloadable-plugin/SlotAccessorRegistryImpl/"
[00:17:32] [main/TRACE] [REI] [REIServerPlugin START] Reloading Section: "reloadable-plugin/SlotAccessorRegistryImpl/DefaultPlugin of DefaultPlugin [roughlyenoughitems]/"
[00:17:32] [main/TRACE] [REI] [REIServerPlugin START] Reloading Section: "reloadable-plugin/SlotAccessorRegistryImpl/DefaultPlugin of DefaultPlugin [roughlyenoughitems]/" done in 34.92 μs
[00:17:32] [main/TRACE] [REI] [REIServerPlugin START] Reloading Section: "reloadable-plugin/SlotAccessorRegistryImpl/FabricFluidAPISupportPlugin/"
[00:17:32] [main/TRACE] [REI] [REIServerPlugin START] Reloading Section: "reloadable-plugin/SlotAccessorRegistryImpl/FabricFluidAPISupportPlugin/" done in 35.10 μs
[00:17:32] [main/TRACE] [REI] [REIServerPlugin START] Reloading Section: "reloadable-plugin/SlotAccessorRegistryImpl/DefaultRuntimePlugin of DefaultRuntimePlugin [roughlyenoughitems]/"
[00:17:32] [main/TRACE] [REI] [REIServerPlugin START] Reloading Section: "reloadable-plugin/SlotAccessorRegistryImpl/DefaultRuntimePlugin of DefaultRuntimePlugin [roughlyenoughitems]/" done in 36.24 μs
[00:17:32] [main/TRACE] [REI] [REIServerPlugin START] Reloading Section: "reloadable-plugin/SlotAccessorRegistryImpl/" done in 391.2 μs
[00:17:32] [main/DEBUG] [REI] ========================================
[00:17:32] [main/DEBUG] [REI] REIServerPlugin ending main-reload for START.
[00:17:32] [main/DEBUG] [REI] ========================================
[00:17:32] [main/TRACE] [REI] [REIServerPlugin START] Reloading Section: "end-reload/"
[00:17:32] [main/TRACE] [REI] [REIServerPlugin START] Reloading Section: "end-reload/MenuInfoRegistryImpl/"
[00:17:32] [main/TRACE] [REI] [REIServerPlugin START] Reloading Section: "end-reload/MenuInfoRegistryImpl/" done in 28.20 μs
[00:17:32] [main/TRACE] [REI] [REIServerPlugin START] Reloading Section: "end-reload/SlotAccessorRegistryImpl/"
[00:17:32] [main/TRACE] [REI] [REIServerPlugin START] Reloading Section: "end-reload/SlotAccessorRegistryImpl/" done in 31.30 μs
[00:17:32] [main/TRACE] [REI] [REIServerPlugin START] Reloading Section: "end-reload/" done in 230.5 μs
[00:17:32] [main/DEBUG] [REI] ========================================
[00:17:32] [main/DEBUG] [REI] REIServerPlugin ended main-reload for START in 2.601 ms.
[00:17:32] [main/DEBUG] [REI] ========================================
[00:17:32] [main/DEBUG] [REI] ========================================
[00:17:32] [main/DEBUG] [REI] REIPlugin starting post-reload for START.
[00:17:32] [main/DEBUG] [REI] Reloadables (7):
[00:17:32] [main/DEBUG] [REI]  - EntryTypeRegistryImpl
[00:17:32] [main/DEBUG] [REI]  - EntrySettingsAdapterRegistryImpl
[00:17:32] [main/DEBUG] [REI]  - RecipeManagerContextImpl
[00:17:32] [main/DEBUG] [REI]  - ItemComparatorRegistryImpl
[00:17:32] [main/DEBUG] [REI]  - FluidComparatorRegistryImpl
[00:17:32] [main/DEBUG] [REI]  - DisplaySerializerRegistryImpl
[00:17:32] [main/DEBUG] [REI]  - FluidSupportProviderImpl
[00:17:32] [main/DEBUG] [REI] Plugins (3):
[00:17:32] [main/DEBUG] [REI]  - (-100.00) DefaultPlugin of DefaultPlugin [roughlyenoughitems]
[00:17:32] [main/DEBUG] [REI]  - (0.00) FabricFluidAPISupportPlugin
[00:17:32] [main/DEBUG] [REI]  - (0.00) DefaultRuntimePlugin of DefaultRuntimePlugin [roughlyenoughitems]
[00:17:32] [main/DEBUG] [REI] ========================================
[00:17:32] [main/TRACE] [REI] [REIPlugin START] Reloading Section: "post-register/"
[00:17:32] [main/TRACE] [REI] [REIPlugin START] Reloading Section: "post-register/DefaultPlugin of DefaultPlugin [roughlyenoughitems]/"
[00:17:32] [main/TRACE] [REI] [REIPlugin START] Reloading Section: "post-register/DefaultPlugin of DefaultPlugin [roughlyenoughitems]/" done in 194.6 μs
[00:17:32] [main/TRACE] [REI] [REIPlugin START] Reloading Section: "post-register/FabricFluidAPISupportPlugin/"
[00:17:32] [main/TRACE] [REI] [REIPlugin START] Reloading Section: "post-register/FabricFluidAPISupportPlugin/" done in 23.48 μs
[00:17:32] [main/TRACE] [REI] [REIPlugin START] Reloading Section: "post-register/DefaultRuntimePlugin of DefaultRuntimePlugin [roughlyenoughitems]/"
[00:17:32] [main/TRACE] [REI] [REIPlugin START] Reloading Section: "post-register/DefaultRuntimePlugin of DefaultRuntimePlugin [roughlyenoughitems]/" done in 26.43 μs
[00:17:32] [main/TRACE] [REI] [REIPlugin START] Reloading Section: "post-register/" done in 653.8 μs
[00:17:32] [main/TRACE] [REI] [REIPlugin START] Reloading Section: "post-stage/"
[00:17:32] [main/TRACE] [REI] [REIPlugin START] Reloading Section: "post-stage/EntryTypeRegistryImpl/"
[00:17:32] [main/TRACE] [REI] [REIPlugin START] Reloading Section: "post-stage/EntryTypeRegistryImpl/" done in 32.26 μs
[00:17:32] [main/TRACE] [REI] [REIPlugin START] Reloading Section: "post-stage/EntrySettingsAdapterRegistryImpl/"
[00:17:32] [main/TRACE] [REI] [REIPlugin START] Reloading Section: "post-stage/EntrySettingsAdapterRegistryImpl/" done in 21.38 μs
[00:17:32] [main/TRACE] [REI] [REIPlugin START] Reloading Section: "post-stage/RecipeManagerContextImpl/"
[00:17:32] [main/TRACE] [REI] [REIPlugin START] Reloading Section: "post-stage/RecipeManagerContextImpl/" done in 20.35 μs
[00:17:32] [main/TRACE] [REI] [REIPlugin START] Reloading Section: "post-stage/ItemComparatorRegistryImpl/"
[00:17:32] [main/TRACE] [REI] [REIPlugin START] Reloading Section: "post-stage/ItemComparatorRegistryImpl/" done in 20.16 μs
[00:17:32] [main/TRACE] [REI] [REIPlugin START] Reloading Section: "post-stage/FluidComparatorRegistryImpl/"
[00:17:32] [main/TRACE] [REI] [REIPlugin START] Reloading Section: "post-stage/FluidComparatorRegistryImpl/" done in 22.38 μs
[00:17:32] [main/TRACE] [REI] [REIPlugin START] Reloading Section: "post-stage/DisplaySerializerRegistryImpl/"
[00:17:32] [main/TRACE] [REI] [REIPlugin START] Reloading Section: "post-stage/DisplaySerializerRegistryImpl/" done in 20.01 μs
[00:17:32] [main/TRACE] [REI] [REIPlugin START] Reloading Section: "post-stage/FluidSupportProviderImpl/"
[00:17:32] [main/TRACE] [REI] [REIPlugin START] Reloading Section: "post-stage/FluidSupportProviderImpl/" done in 19.51 μs
[00:17:32] [main/TRACE] [REI] [REIPlugin START] Reloading Section: "post-stage/" done in 601.6 μs
[00:17:32] [main/DEBUG] [REI] ========================================
[00:17:32] [main/INFO] [REI] REIPlugin finished post-reload for START in 1.363 ms, totaling 29.77 ms.
[00:17:32] [main/DEBUG] [REI] ========================================
[00:17:32] [main/DEBUG] [REI] ========================================
[00:17:32] [main/DEBUG] [REI] REIServerPlugin starting post-reload for START.
[00:17:32] [main/DEBUG] [REI] Reloadables (2):
[00:17:32] [main/DEBUG] [REI]  - MenuInfoRegistryImpl
[00:17:32] [main/DEBUG] [REI]  - SlotAccessorRegistryImpl
[00:17:32] [main/DEBUG] [REI] Plugins (3):
[00:17:32] [main/DEBUG] [REI]  - (-100.00) DefaultPlugin of DefaultPlugin [roughlyenoughitems]
[00:17:32] [main/DEBUG] [REI]  - (0.00) FabricFluidAPISupportPlugin
[00:17:32] [main/DEBUG] [REI]  - (0.00) DefaultRuntimePlugin of DefaultRuntimePlugin [roughlyenoughitems]
[00:17:32] [main/DEBUG] [REI] ========================================
[00:17:32] [main/TRACE] [REI] [REIServerPlugin START] Reloading Section: "post-register/"
[00:17:32] [main/TRACE] [REI] [REIServerPlugin START] Reloading Section: "post-register/DefaultPlugin of DefaultPlugin [roughlyenoughitems]/"
[00:17:32] [main/TRACE] [REI] [REIServerPlugin START] Reloading Section: "post-register/DefaultPlugin of DefaultPlugin [roughlyenoughitems]/" done in 40.97 μs
[00:17:32] [main/TRACE] [REI] [REIServerPlugin START] Reloading Section: "post-register/FabricFluidAPISupportPlugin/"
[00:17:32] [main/TRACE] [REI] [REIServerPlugin START] Reloading Section: "post-register/FabricFluidAPISupportPlugin/" done in 37.41 μs
[00:17:32] [main/TRACE] [REI] [REIServerPlugin START] Reloading Section: "post-register/DefaultRuntimePlugin of DefaultRuntimePlugin [roughlyenoughitems]/"
[00:17:32] [main/TRACE] [REI] [REIServerPlugin START] Reloading Section: "post-register/DefaultRuntimePlugin of DefaultRuntimePlugin [roughlyenoughitems]/" done in 37.69 μs
[00:17:32] [main/TRACE] [REI] [REIServerPlugin START] Reloading Section: "post-register/" done in 401.7 μs
[00:17:32] [main/TRACE] [REI] [REIServerPlugin START] Reloading Section: "post-stage/"
[00:17:32] [main/TRACE] [REI] [REIServerPlugin START] Reloading Section: "post-stage/MenuInfoRegistryImpl/"
[00:17:32] [main/TRACE] [REI] [REIServerPlugin START] Reloading Section: "post-stage/MenuInfoRegistryImpl/" done in 32.87 μs
[00:17:32] [main/TRACE] [REI] [REIServerPlugin START] Reloading Section: "post-stage/SlotAccessorRegistryImpl/"
[00:17:32] [main/TRACE] [REI] [REIServerPlugin START] Reloading Section: "post-stage/SlotAccessorRegistryImpl/" done in 36.25 μs
[00:17:32] [main/TRACE] [REI] [REIServerPlugin START] Reloading Section: "post-stage/" done in 238.9 μs
[00:17:32] [main/DEBUG] [REI] ========================================
[00:17:32] [main/INFO] [REI] REIServerPlugin finished post-reload for START in 769.4 μs, totaling 4.174 ms.
[00:17:32] [main/DEBUG] [REI] ========================================
[00:17:32] [main/DEBUG] [REI] ========================================
[00:17:32] [main/DEBUG] [REI] REIPlugin starting pre-reload for END.
[00:17:32] [main/DEBUG] [REI] Reloadables (7):
[00:17:32] [main/DEBUG] [REI]  - EntryTypeRegistryImpl
[00:17:32] [main/DEBUG] [REI]  - EntrySettingsAdapterRegistryImpl
[00:17:32] [main/DEBUG] [REI]  - RecipeManagerContextImpl
[00:17:32] [main/DEBUG] [REI]  - ItemComparatorRegistryImpl
[00:17:32] [main/DEBUG] [REI]  - FluidComparatorRegistryImpl
[00:17:32] [main/DEBUG] [REI]  - DisplaySerializerRegistryImpl
[00:17:32] [main/DEBUG] [REI]  - FluidSupportProviderImpl
[00:17:32] [main/DEBUG] [REI] Plugins (3):
[00:17:32] [main/DEBUG] [REI]  - (-100.00) DefaultPlugin of DefaultPlugin [roughlyenoughitems]
[00:17:32] [main/DEBUG] [REI]  - (0.00) FabricFluidAPISupportPlugin
[00:17:32] [main/DEBUG] [REI]  - (0.00) DefaultRuntimePlugin of DefaultRuntimePlugin [roughlyenoughitems]
[00:17:32] [main/DEBUG] [REI] ========================================
[00:17:32] [main/TRACE] [REI] [REIPlugin END] Reloading Section: "pre-register/"
[00:17:32] [main/TRACE] [REI] [REIPlugin END] Reloading Section: "pre-register/DefaultPlugin of DefaultPlugin [roughlyenoughitems]/"
[00:17:32] [main/TRACE] [REI] [REIPlugin END] Reloading Section: "pre-register/DefaultPlugin of DefaultPlugin [roughlyenoughitems]/" done in 44.18 μs
[00:17:32] [main/TRACE] [REI] [REIPlugin END] Reloading Section: "pre-register/FabricFluidAPISupportPlugin/"
[00:17:32] [main/TRACE] [REI] [REIPlugin END] Reloading Section: "pre-register/FabricFluidAPISupportPlugin/" done in 36.42 μs
[00:17:32] [main/TRACE] [REI] [REIPlugin END] Reloading Section: "pre-register/DefaultRuntimePlugin of DefaultRuntimePlugin [roughlyenoughitems]/"
[00:17:32] [main/TRACE] [REI] [REIPlugin END] Reloading Section: "pre-register/DefaultRuntimePlugin of DefaultRuntimePlugin [roughlyenoughitems]/" done in 37.75 μs
[00:17:32] [main/TRACE] [REI] [REIPlugin END] Reloading Section: "pre-register/" done in 387.8 μs
[00:17:32] [main/TRACE] [REI] [REIPlugin END] Reloading Section: "pre-stage/"
[00:17:32] [main/TRACE] [REI] [REIPlugin END] Reloading Section: "pre-stage/EntryTypeRegistryImpl/"
[00:17:32] [main/TRACE] [REI] [REIPlugin END] Reloading Section: "pre-stage/EntryTypeRegistryImpl/" done in 36.71 μs
[00:17:32] [main/TRACE] [REI] [REIPlugin END] Reloading Section: "pre-stage/EntrySettingsAdapterRegistryImpl/"
[00:17:32] [main/TRACE] [REI] [REIPlugin END] Reloading Section: "pre-stage/EntrySettingsAdapterRegistryImpl/" done in 35.49 μs
[00:17:32] [main/TRACE] [REI] [REIPlugin END] Reloading Section: "pre-stage/RecipeManagerContextImpl/"
[00:17:32] [main/TRACE] [REI] [REIPlugin END] Reloading Section: "pre-stage/RecipeManagerContextImpl/" done in 37.21 μs
[00:17:32] [main/TRACE] [REI] [REIPlugin END] Reloading Section: "pre-stage/ItemComparatorRegistryImpl/"
[00:17:32] [main/TRACE] [REI] [REIPlugin END] Reloading Section: "pre-stage/ItemComparatorRegistryImpl/" done in 37.71 μs
[00:17:32] [main/TRACE] [REI] [REIPlugin END] Reloading Section: "pre-stage/FluidComparatorRegistryImpl/"
[00:17:32] [main/TRACE] [REI] [REIPlugin END] Reloading Section: "pre-stage/FluidComparatorRegistryImpl/" done in 40.29 μs
[00:17:32] [main/TRACE] [REI] [REIPlugin END] Reloading Section: "pre-stage/DisplaySerializerRegistryImpl/"
[00:17:32] [main/TRACE] [REI] [REIPlugin END] Reloading Section: "pre-stage/DisplaySerializerRegistryImpl/" done in 48.95 μs
[00:17:32] [main/TRACE] [REI] [REIPlugin END] Reloading Section: "pre-stage/FluidSupportProviderImpl/"
[00:17:32] [main/TRACE] [REI] [REIPlugin END] Reloading Section: "pre-stage/FluidSupportProviderImpl/" done in 52.14 μs
[00:17:32] [main/TRACE] [REI] [REIPlugin END] Reloading Section: "pre-stage/" done in 829.8 μs
[00:17:32] [main/DEBUG] [REI] ========================================
[00:17:32] [main/DEBUG] [REI] REIPlugin finished pre-reload for END in 1.365 ms.
[00:17:32] [main/DEBUG] [REI] ========================================
[00:17:32] [main/DEBUG] [REI] ========================================
[00:17:32] [main/DEBUG] [REI] REIServerPlugin starting pre-reload for END.
[00:17:32] [main/DEBUG] [REI] Reloadables (2):
[00:17:32] [main/DEBUG] [REI]  - MenuInfoRegistryImpl
[00:17:32] [main/DEBUG] [REI]  - SlotAccessorRegistryImpl
[00:17:32] [main/DEBUG] [REI] Plugins (3):
[00:17:32] [main/DEBUG] [REI]  - (-100.00) DefaultPlugin of DefaultPlugin [roughlyenoughitems]
[00:17:32] [main/DEBUG] [REI]  - (0.00) FabricFluidAPISupportPlugin
[00:17:32] [main/DEBUG] [REI]  - (0.00) DefaultRuntimePlugin of DefaultRuntimePlugin [roughlyenoughitems]
[00:17:32] [main/DEBUG] [REI] ========================================
[00:17:32] [main/TRACE] [REI] [REIServerPlugin END] Reloading Section: "pre-register/"
[00:17:32] [main/TRACE] [REI] [REIServerPlugin END] Reloading Section: "pre-register/DefaultPlugin of DefaultPlugin [roughlyenoughitems]/"
[00:17:32] [main/TRACE] [REI] [REIServerPlugin END] Reloading Section: "pre-register/DefaultPlugin of DefaultPlugin [roughlyenoughitems]/" done in 28.34 μs
[00:17:32] [main/TRACE] [REI] [REIServerPlugin END] Reloading Section: "pre-register/FabricFluidAPISupportPlugin/"
[00:17:32] [main/TRACE] [REI] [REIServerPlugin END] Reloading Section: "pre-register/FabricFluidAPISupportPlugin/" done in 29.73 μs
[00:17:32] [main/TRACE] [REI] [REIServerPlugin END] Reloading Section: "pre-register/DefaultRuntimePlugin of DefaultRuntimePlugin [roughlyenoughitems]/"
[00:17:32] [main/TRACE] [REI] [REIServerPlugin END] Reloading Section: "pre-register/DefaultRuntimePlugin of DefaultRuntimePlugin [roughlyenoughitems]/" done in 28.46 μs
[00:17:32] [main/TRACE] [REI] [REIServerPlugin END] Reloading Section: "pre-register/" done in 341.9 μs
[00:17:32] [main/TRACE] [REI] [REIServerPlugin END] Reloading Section: "pre-stage/"
[00:17:32] [main/TRACE] [REI] [REIServerPlugin END] Reloading Section: "pre-stage/MenuInfoRegistryImpl/"
[00:17:32] [main/TRACE] [REI] [REIServerPlugin END] Reloading Section: "pre-stage/MenuInfoRegistryImpl/" done in 21.36 μs
[00:17:32] [main/TRACE] [REI] [REIServerPlugin END] Reloading Section: "pre-stage/SlotAccessorRegistryImpl/"
[00:17:32] [main/TRACE] [REI] [REIServerPlugin END] Reloading Section: "pre-stage/SlotAccessorRegistryImpl/" done in 25.98 μs
[00:17:32] [main/TRACE] [REI] [REIServerPlugin END] Reloading Section: "pre-stage/" done in 165.4 μs
[00:17:32] [main/DEBUG] [REI] ========================================
[00:17:32] [main/DEBUG] [REI] REIServerPlugin finished pre-reload for END in 602.4 μs.
[00:17:32] [main/DEBUG] [REI] ========================================
[00:17:32] [main/INFO] [REI] @@@@@@@@@@@@@@@@@@@@@@@@@@@@@@@@@@@@@@@@
[00:17:32] [main/INFO] [REI] REIPlugin starting main-reload for END.
[00:17:32] [main/DEBUG] [REI] Reloadables (7):
[00:17:32] [main/DEBUG] [REI]  - EntryTypeRegistryImpl
[00:17:32] [main/DEBUG] [REI]  - EntrySettingsAdapterRegistryImpl
[00:17:32] [main/DEBUG] [REI]  - RecipeManagerContextImpl
[00:17:32] [main/DEBUG] [REI]  - ItemComparatorRegistryImpl
[00:17:32] [main/DEBUG] [REI]  - FluidComparatorRegistryImpl
[00:17:32] [main/DEBUG] [REI]  - DisplaySerializerRegistryImpl
[00:17:32] [main/DEBUG] [REI]  - FluidSupportProviderImpl
[00:17:32] [main/INFO] [REI] Plugins (3):
[00:17:32] [main/INFO] [REI]  - (-100.00) DefaultPlugin of DefaultPlugin [roughlyenoughitems]
[00:17:32] [main/INFO] [REI]  - (0.00) FabricFluidAPISupportPlugin
[00:17:32] [main/INFO] [REI]  - (0.00) DefaultRuntimePlugin of DefaultRuntimePlugin [roughlyenoughitems]
[00:17:32] [main/INFO] [REI] @@@@@@@@@@@@@@@@@@@@@@@@@@@@@@@@@@@@@@@@
[00:17:32] [main/TRACE] [REI] [REIPlugin END] Reloading Section: "start-reload/"
[00:17:32] [main/TRACE] [REI] [REIPlugin END] Reloading Section: "start-reload/EntryTypeRegistryImpl/"
[00:17:32] [main/TRACE] [REI] [REIPlugin END] Reloading Section: "start-reload/EntryTypeRegistryImpl/" done in 27.39 μs
[00:17:32] [main/TRACE] [REI] [REIPlugin END] Reloading Section: "start-reload/EntrySettingsAdapterRegistryImpl/"
[00:17:32] [main/TRACE] [REI] [REIPlugin END] Reloading Section: "start-reload/EntrySettingsAdapterRegistryImpl/" done in 36.42 μs
[00:17:32] [main/TRACE] [REI] [REIPlugin END] Reloading Section: "start-reload/RecipeManagerContextImpl/"
[00:17:32] [main/TRACE] [REI] [REIPlugin END] Reloading Section: "start-reload/RecipeManagerContextImpl/" done in 920.8 μs
[00:17:32] [main/TRACE] [REI] [REIPlugin END] Reloading Section: "start-reload/ItemComparatorRegistryImpl/"
[00:17:32] [main/TRACE] [REI] [REIPlugin END] Reloading Section: "start-reload/ItemComparatorRegistryImpl/" done in 115.6 μs
[00:17:32] [main/TRACE] [REI] [REIPlugin END] Reloading Section: "start-reload/FluidComparatorRegistryImpl/"
[00:17:32] [main/TRACE] [REI] [REIPlugin END] Reloading Section: "start-reload/FluidComparatorRegistryImpl/" done in 121.6 μs
[00:17:32] [main/TRACE] [REI] [REIPlugin END] Reloading Section: "start-reload/DisplaySerializerRegistryImpl/"
[00:17:32] [main/TRACE] [REI] [REIPlugin END] Reloading Section: "start-reload/DisplaySerializerRegistryImpl/" done in 121.9 μs
[00:17:32] [main/TRACE] [REI] [REIPlugin END] Reloading Section: "start-reload/FluidSupportProviderImpl/"
[00:17:32] [main/TRACE] [REI] [REIPlugin END] Reloading Section: "start-reload/FluidSupportProviderImpl/" done in 43.33 μs
[00:17:32] [main/TRACE] [REI] [REIPlugin END] Reloading Section: "start-reload/" done in 2.117 ms
[00:17:32] [main/DEBUG] [REI] ========================================
[00:17:32] [main/DEBUG] [REI] REIPlugin started main-reload for END.
[00:17:32] [main/DEBUG] [REI] ========================================
[00:17:32] [main/TRACE] [REI] [REIPlugin END] Reloading Section: "reloadable-plugin/EntryTypeRegistryImpl/"
[00:17:32] [main/TRACE] [REI] [REIPlugin END] Reloading Section: "reloadable-plugin/EntryTypeRegistryImpl/DefaultPlugin of DefaultPlugin [roughlyenoughitems]/"
[00:17:32] [main/TRACE] [REI] [REIPlugin END] Reloading Section: "reloadable-plugin/EntryTypeRegistryImpl/DefaultPlugin of DefaultPlugin [roughlyenoughitems]/" done in 50.82 μs
[00:17:32] [main/TRACE] [REI] [REIPlugin END] Reloading Section: "reloadable-plugin/EntryTypeRegistryImpl/FabricFluidAPISupportPlugin/"
[00:17:32] [main/TRACE] [REI] [REIPlugin END] Reloading Section: "reloadable-plugin/EntryTypeRegistryImpl/FabricFluidAPISupportPlugin/" done in 37.78 μs
[00:17:32] [main/TRACE] [REI] [REIPlugin END] Reloading Section: "reloadable-plugin/EntryTypeRegistryImpl/DefaultRuntimePlugin of DefaultRuntimePlugin [roughlyenoughitems]/"
[00:17:32] [main/TRACE] [REI] [REIPlugin END] Reloading Section: "reloadable-plugin/EntryTypeRegistryImpl/DefaultRuntimePlugin of DefaultRuntimePlugin [roughlyenoughitems]/" done in 37.33 μs
[00:17:32] [main/TRACE] [REI] [REIPlugin END] Reloading Section: "reloadable-plugin/EntryTypeRegistryImpl/" done in 397.8 μs
[00:17:32] [main/TRACE] [REI] [REIPlugin END] Reloading Section: "reloadable-plugin/EntrySettingsAdapterRegistryImpl/"
[00:17:32] [main/TRACE] [REI] [REIPlugin END] Reloading Section: "reloadable-plugin/EntrySettingsAdapterRegistryImpl/DefaultPlugin of DefaultPlugin [roughlyenoughitems]/"
[00:17:32] [main/TRACE] [REI] [REIPlugin END] Reloading Section: "reloadable-plugin/EntrySettingsAdapterRegistryImpl/DefaultPlugin of DefaultPlugin [roughlyenoughitems]/" done in 58.47 μs
[00:17:32] [main/TRACE] [REI] [REIPlugin END] Reloading Section: "reloadable-plugin/EntrySettingsAdapterRegistryImpl/FabricFluidAPISupportPlugin/"
[00:17:32] [main/TRACE] [REI] [REIPlugin END] Reloading Section: "reloadable-plugin/EntrySettingsAdapterRegistryImpl/FabricFluidAPISupportPlugin/" done in 41.29 μs
[00:17:32] [main/TRACE] [REI] [REIPlugin END] Reloading Section: "reloadable-plugin/EntrySettingsAdapterRegistryImpl/DefaultRuntimePlugin of DefaultRuntimePlugin [roughlyenoughitems]/"
[00:17:32] [main/TRACE] [REI] [REIPlugin END] Reloading Section: "reloadable-plugin/EntrySettingsAdapterRegistryImpl/DefaultRuntimePlugin of DefaultRuntimePlugin [roughlyenoughitems]/" done in 36.60 μs
[00:17:32] [main/TRACE] [REI] [REIPlugin END] Reloading Section: "reloadable-plugin/EntrySettingsAdapterRegistryImpl/" done in 370.0 μs
[00:17:32] [main/TRACE] [REI] [REIPlugin END] Reloading Section: "reloadable-plugin/RecipeManagerContextImpl/"
[00:17:32] [main/TRACE] [REI] [REIPlugin END] Reloading Section: "reloadable-plugin/RecipeManagerContextImpl/DefaultPlugin of DefaultPlugin [roughlyenoughitems]/"
[00:17:32] [main/TRACE] [REI] [REIPlugin END] Reloading Section: "reloadable-plugin/RecipeManagerContextImpl/DefaultPlugin of DefaultPlugin [roughlyenoughitems]/" done in 32.41 μs
[00:17:32] [main/TRACE] [REI] [REIPlugin END] Reloading Section: "reloadable-plugin/RecipeManagerContextImpl/FabricFluidAPISupportPlugin/"
[00:17:32] [main/TRACE] [REI] [REIPlugin END] Reloading Section: "reloadable-plugin/RecipeManagerContextImpl/FabricFluidAPISupportPlugin/" done in 28.31 μs
[00:17:32] [main/TRACE] [REI] [REIPlugin END] Reloading Section: "reloadable-plugin/RecipeManagerContextImpl/DefaultRuntimePlugin of DefaultRuntimePlugin [roughlyenoughitems]/"
[00:17:32] [main/TRACE] [REI] [REIPlugin END] Reloading Section: "reloadable-plugin/RecipeManagerContextImpl/DefaultRuntimePlugin of DefaultRuntimePlugin [roughlyenoughitems]/" done in 34.07 μs
[00:17:32] [main/TRACE] [REI] [REIPlugin END] Reloading Section: "reloadable-plugin/RecipeManagerContextImpl/" done in 308.6 μs
[00:17:32] [main/TRACE] [REI] [REIPlugin END] Reloading Section: "reloadable-plugin/ItemComparatorRegistryImpl/"
[00:17:32] [main/TRACE] [REI] [REIPlugin END] Reloading Section: "reloadable-plugin/ItemComparatorRegistryImpl/DefaultPlugin of DefaultPlugin [roughlyenoughitems]/"
[00:17:32] [main/TRACE] [REI] [REIPlugin END] Reloading Section: "reloadable-plugin/ItemComparatorRegistryImpl/DefaultPlugin of DefaultPlugin [roughlyenoughitems]/" done in 30.07 μs
[00:17:32] [main/TRACE] [REI] [REIPlugin END] Reloading Section: "reloadable-plugin/ItemComparatorRegistryImpl/FabricFluidAPISupportPlugin/"
[00:17:32] [main/TRACE] [REI] [REIPlugin END] Reloading Section: "reloadable-plugin/ItemComparatorRegistryImpl/FabricFluidAPISupportPlugin/" done in 31.29 μs
[00:17:32] [main/TRACE] [REI] [REIPlugin END] Reloading Section: "reloadable-plugin/ItemComparatorRegistryImpl/DefaultRuntimePlugin of DefaultRuntimePlugin [roughlyenoughitems]/"
[00:17:32] [main/TRACE] [REI] [REIPlugin END] Reloading Section: "reloadable-plugin/ItemComparatorRegistryImpl/DefaultRuntimePlugin of DefaultRuntimePlugin [roughlyenoughitems]/" done in 27.96 μs
[00:17:32] [main/TRACE] [REI] [REIPlugin END] Reloading Section: "reloadable-plugin/ItemComparatorRegistryImpl/" done in 306.6 μs
[00:17:32] [main/TRACE] [REI] [REIPlugin END] Reloading Section: "reloadable-plugin/FluidComparatorRegistryImpl/"
[00:17:32] [main/TRACE] [REI] [REIPlugin END] Reloading Section: "reloadable-plugin/FluidComparatorRegistryImpl/DefaultPlugin of DefaultPlugin [roughlyenoughitems]/"
[00:17:32] [main/TRACE] [REI] [REIPlugin END] Reloading Section: "reloadable-plugin/FluidComparatorRegistryImpl/DefaultPlugin of DefaultPlugin [roughlyenoughitems]/" done in 27.03 μs
[00:17:32] [main/TRACE] [REI] [REIPlugin END] Reloading Section: "reloadable-plugin/FluidComparatorRegistryImpl/FabricFluidAPISupportPlugin/"
[00:17:32] [main/TRACE] [REI] [REIPlugin END] Reloading Section: "reloadable-plugin/FluidComparatorRegistryImpl/FabricFluidAPISupportPlugin/" done in 41.91 μs
[00:17:32] [main/TRACE] [REI] [REIPlugin END] Reloading Section: "reloadable-plugin/FluidComparatorRegistryImpl/DefaultRuntimePlugin of DefaultRuntimePlugin [roughlyenoughitems]/"
[00:17:32] [main/TRACE] [REI] [REIPlugin END] Reloading Section: "reloadable-plugin/FluidComparatorRegistryImpl/DefaultRuntimePlugin of DefaultRuntimePlugin [roughlyenoughitems]/" done in 31.99 μs
[00:17:32] [main/TRACE] [REI] [REIPlugin END] Reloading Section: "reloadable-plugin/FluidComparatorRegistryImpl/" done in 541.3 μs
[00:17:32] [main/TRACE] [REI] [REIPlugin END] Reloading Section: "reloadable-plugin/DisplaySerializerRegistryImpl/"
[00:17:32] [main/TRACE] [REI] [REIPlugin END] Reloading Section: "reloadable-plugin/DisplaySerializerRegistryImpl/DefaultPlugin of DefaultPlugin [roughlyenoughitems]/"
[00:17:32] [main/TRACE] [REI] [REIPlugin END] Reloading Section: "reloadable-plugin/DisplaySerializerRegistryImpl/DefaultPlugin of DefaultPlugin [roughlyenoughitems]/" done in 17.83 ms
[00:17:32] [main/TRACE] [REI] [REIPlugin END] Reloading Section: "reloadable-plugin/DisplaySerializerRegistryImpl/FabricFluidAPISupportPlugin/"
[00:17:32] [main/TRACE] [REI] [REIPlugin END] Reloading Section: "reloadable-plugin/DisplaySerializerRegistryImpl/FabricFluidAPISupportPlugin/" done in 40.65 μs
[00:17:32] [main/TRACE] [REI] [REIPlugin END] Reloading Section: "reloadable-plugin/DisplaySerializerRegistryImpl/DefaultRuntimePlugin of DefaultRuntimePlugin [roughlyenoughitems]/"
[00:17:32] [main/TRACE] [REI] [REIPlugin END] Reloading Section: "reloadable-plugin/DisplaySerializerRegistryImpl/DefaultRuntimePlugin of DefaultRuntimePlugin [roughlyenoughitems]/" done in 48.21 μs
[00:17:32] [main/TRACE] [REI] [REIPlugin END] Reloading Section: "reloadable-plugin/DisplaySerializerRegistryImpl/" done in 18.23 ms
[00:17:32] [main/TRACE] [REI] [REIPlugin END] Reloading Section: "reloadable-plugin/FluidSupportProviderImpl/"
[00:17:32] [main/TRACE] [REI] [REIPlugin END] Reloading Section: "reloadable-plugin/FluidSupportProviderImpl/DefaultPlugin of DefaultPlugin [roughlyenoughitems]/"
[00:17:32] [main/TRACE] [REI] [REIPlugin END] Reloading Section: "reloadable-plugin/FluidSupportProviderImpl/DefaultPlugin of DefaultPlugin [roughlyenoughitems]/" done in 29.29 μs
[00:17:32] [main/TRACE] [REI] [REIPlugin END] Reloading Section: "reloadable-plugin/FluidSupportProviderImpl/FabricFluidAPISupportPlugin/"
[00:17:32] [main/TRACE] [REI] [REIPlugin END] Reloading Section: "reloadable-plugin/FluidSupportProviderImpl/FabricFluidAPISupportPlugin/" done in 29.57 μs
[00:17:32] [main/TRACE] [REI] [REIPlugin END] Reloading Section: "reloadable-plugin/FluidSupportProviderImpl/DefaultRuntimePlugin of DefaultRuntimePlugin [roughlyenoughitems]/"
[00:17:32] [main/TRACE] [REI] [REIPlugin END] Reloading Section: "reloadable-plugin/FluidSupportProviderImpl/DefaultRuntimePlugin of DefaultRuntimePlugin [roughlyenoughitems]/" done in 24.63 μs
[00:17:32] [main/TRACE] [REI] [REIPlugin END] Reloading Section: "reloadable-plugin/FluidSupportProviderImpl/" done in 281.3 μs
[00:17:32] [main/DEBUG] [REI] ========================================
[00:17:32] [main/DEBUG] [REI] REIPlugin ending main-reload for END.
[00:17:32] [main/DEBUG] [REI] ========================================
[00:17:32] [main/TRACE] [REI] [REIPlugin END] Reloading Section: "end-reload/"
[00:17:32] [main/TRACE] [REI] [REIPlugin END] Reloading Section: "end-reload/EntryTypeRegistryImpl/"
[00:17:32] [main/TRACE] [REI] [REIPlugin END] Reloading Section: "end-reload/EntryTypeRegistryImpl/" done in 20.54 μs
[00:17:32] [main/TRACE] [REI] [REIPlugin END] Reloading Section: "end-reload/EntrySettingsAdapterRegistryImpl/"
[00:17:32] [main/TRACE] [REI] [REIPlugin END] Reloading Section: "end-reload/EntrySettingsAdapterRegistryImpl/" done in 34.93 μs
[00:17:32] [main/TRACE] [REI] [REIPlugin END] Reloading Section: "end-reload/RecipeManagerContextImpl/"
[00:17:32] [main/TRACE] [REI] [REIPlugin END] Reloading Section: "end-reload/RecipeManagerContextImpl/" done in 22.09 μs
[00:17:32] [main/TRACE] [REI] [REIPlugin END] Reloading Section: "end-reload/ItemComparatorRegistryImpl/"
[00:17:32] [main/TRACE] [REI] [REIPlugin END] Reloading Section: "end-reload/ItemComparatorRegistryImpl/" done in 21.96 μs
[00:17:32] [main/TRACE] [REI] [REIPlugin END] Reloading Section: "end-reload/FluidComparatorRegistryImpl/"
[00:17:32] [main/TRACE] [REI] [REIPlugin END] Reloading Section: "end-reload/FluidComparatorRegistryImpl/" done in 21.04 μs
[00:17:32] [main/TRACE] [REI] [REIPlugin END] Reloading Section: "end-reload/DisplaySerializerRegistryImpl/"
[00:17:32] [main/TRACE] [REI] [REIPlugin END] Reloading Section: "end-reload/DisplaySerializerRegistryImpl/" done in 22.09 μs
[00:17:32] [main/TRACE] [REI] [REIPlugin END] Reloading Section: "end-reload/FluidSupportProviderImpl/"
[00:17:32] [main/TRACE] [REI] [REIPlugin END] Reloading Section: "end-reload/FluidSupportProviderImpl/" done in 20.86 μs
[00:17:32] [main/TRACE] [REI] [REIPlugin END] Reloading Section: "end-reload/" done in 513.7 μs
[00:17:32] [main/DEBUG] [REI] ========================================
[00:17:32] [main/DEBUG] [REI] REIPlugin ended main-reload for END in 24.52 ms.
[00:17:32] [main/DEBUG] [REI] ========================================
[00:17:32] [main/INFO] [REI] ~~~~~~~~~~~~~~~~~~~~~~~~~~~~~~~~~~~~~~~~
[00:17:32] [main/INFO] [REI] REIServerPlugin starting main-reload for END.
[00:17:32] [main/DEBUG] [REI] Reloadables (2):
[00:17:32] [main/DEBUG] [REI]  - MenuInfoRegistryImpl
[00:17:32] [main/DEBUG] [REI]  - SlotAccessorRegistryImpl
[00:17:32] [main/INFO] [REI] Plugins (3):
[00:17:32] [main/INFO] [REI]  - (-100.00) DefaultPlugin of DefaultPlugin [roughlyenoughitems]
[00:17:32] [main/INFO] [REI]  - (0.00) FabricFluidAPISupportPlugin
[00:17:32] [main/INFO] [REI]  - (0.00) DefaultRuntimePlugin of DefaultRuntimePlugin [roughlyenoughitems]
[00:17:32] [main/INFO] [REI] ~~~~~~~~~~~~~~~~~~~~~~~~~~~~~~~~~~~~~~~~
[00:17:32] [main/TRACE] [REI] [REIServerPlugin END] Reloading Section: "start-reload/"
[00:17:32] [main/TRACE] [REI] [REIServerPlugin END] Reloading Section: "start-reload/MenuInfoRegistryImpl/"
[00:17:32] [main/TRACE] [REI] [REIServerPlugin END] Reloading Section: "start-reload/MenuInfoRegistryImpl/" done in 34.43 μs
[00:17:32] [main/TRACE] [REI] [REIServerPlugin END] Reloading Section: "start-reload/SlotAccessorRegistryImpl/"
[00:17:32] [main/TRACE] [REI] [REIServerPlugin END] Reloading Section: "start-reload/SlotAccessorRegistryImpl/" done in 27.29 μs
[00:17:32] [main/TRACE] [REI] [REIServerPlugin END] Reloading Section: "start-reload/" done in 194.3 μs
[00:17:32] [main/DEBUG] [REI] ========================================
[00:17:32] [main/DEBUG] [REI] REIServerPlugin started main-reload for END.
[00:17:32] [main/DEBUG] [REI] ========================================
[00:17:32] [main/TRACE] [REI] [REIServerPlugin END] Reloading Section: "reloadable-plugin/MenuInfoRegistryImpl/"
[00:17:32] [main/TRACE] [REI] [REIServerPlugin END] Reloading Section: "reloadable-plugin/MenuInfoRegistryImpl/DefaultPlugin of DefaultPlugin [roughlyenoughitems]/"
[00:17:32] [main/TRACE] [REI] [REIServerPlugin END] Reloading Section: "reloadable-plugin/MenuInfoRegistryImpl/DefaultPlugin of DefaultPlugin [roughlyenoughitems]/" done in 31.54 μs
[00:17:32] [main/TRACE] [REI] [REIServerPlugin END] Reloading Section: "reloadable-plugin/MenuInfoRegistryImpl/FabricFluidAPISupportPlugin/"
[00:17:32] [main/TRACE] [REI] [REIServerPlugin END] Reloading Section: "reloadable-plugin/MenuInfoRegistryImpl/FabricFluidAPISupportPlugin/" done in 25.06 μs
[00:17:32] [main/TRACE] [REI] [REIServerPlugin END] Reloading Section: "reloadable-plugin/MenuInfoRegistryImpl/DefaultRuntimePlugin of DefaultRuntimePlugin [roughlyenoughitems]/"
[00:17:32] [main/TRACE] [REI] [REIServerPlugin END] Reloading Section: "reloadable-plugin/MenuInfoRegistryImpl/DefaultRuntimePlugin of DefaultRuntimePlugin [roughlyenoughitems]/" done in 21.78 μs
[00:17:32] [main/TRACE] [REI] [REIServerPlugin END] Reloading Section: "reloadable-plugin/MenuInfoRegistryImpl/" done in 239.9 μs
[00:17:32] [main/TRACE] [REI] [REIServerPlugin END] Reloading Section: "reloadable-plugin/SlotAccessorRegistryImpl/"
[00:17:32] [main/TRACE] [REI] [REIServerPlugin END] Reloading Section: "reloadable-plugin/SlotAccessorRegistryImpl/DefaultPlugin of DefaultPlugin [roughlyenoughitems]/"
[00:17:32] [main/TRACE] [REI] [REIServerPlugin END] Reloading Section: "reloadable-plugin/SlotAccessorRegistryImpl/DefaultPlugin of DefaultPlugin [roughlyenoughitems]/" done in 28.81 μs
[00:17:32] [main/TRACE] [REI] [REIServerPlugin END] Reloading Section: "reloadable-plugin/SlotAccessorRegistryImpl/FabricFluidAPISupportPlugin/"
[00:17:32] [main/TRACE] [REI] [REIServerPlugin END] Reloading Section: "reloadable-plugin/SlotAccessorRegistryImpl/FabricFluidAPISupportPlugin/" done in 22.27 μs
[00:17:32] [main/TRACE] [REI] [REIServerPlugin END] Reloading Section: "reloadable-plugin/SlotAccessorRegistryImpl/DefaultRuntimePlugin of DefaultRuntimePlugin [roughlyenoughitems]/"
[00:17:32] [main/DEBUG] [REI] Added slot accessor serializer: me.shedaniel.rei.plugin.common.runtime.DefaultRuntimePlugin$1@c8b20e3 [roughlyenoughitems:vanilla]
[00:17:32] [main/DEBUG] [REI] Added slot accessor serializer: me.shedaniel.rei.plugin.common.runtime.DefaultRuntimePlugin$2@5e65af8a [roughlyenoughitems:player]
[00:17:32] [main/TRACE] [REI] [REIServerPlugin END] Reloading Section: "reloadable-plugin/SlotAccessorRegistryImpl/DefaultRuntimePlugin of DefaultRuntimePlugin [roughlyenoughitems]/" done in 1.817 ms
[00:17:32] [main/TRACE] [REI] [REIServerPlugin END] Reloading Section: "reloadable-plugin/SlotAccessorRegistryImpl/" done in 2.050 ms
[00:17:32] [main/DEBUG] [REI] ========================================
[00:17:32] [main/DEBUG] [REI] REIServerPlugin ending main-reload for END.
[00:17:32] [main/DEBUG] [REI] ========================================
[00:17:32] [main/TRACE] [REI] [REIServerPlugin END] Reloading Section: "end-reload/"
[00:17:32] [main/TRACE] [REI] [REIServerPlugin END] Reloading Section: "end-reload/MenuInfoRegistryImpl/"
[00:17:32] [main/DEBUG] [REI] Registered 0 menu infos
[00:17:32] [main/TRACE] [REI] [REIServerPlugin END] Reloading Section: "end-reload/MenuInfoRegistryImpl/" done in 82.97 μs
[00:17:32] [main/TRACE] [REI] [REIServerPlugin END] Reloading Section: "end-reload/SlotAccessorRegistryImpl/"
[00:17:32] [main/DEBUG] [REI] Registered 2 slot accessor serializers
[00:17:32] [main/TRACE] [REI] [REIServerPlugin END] Reloading Section: "end-reload/SlotAccessorRegistryImpl/" done in 95.06 μs
[00:17:32] [main/TRACE] [REI] [REIServerPlugin END] Reloading Section: "end-reload/" done in 335.5 μs
[00:17:32] [main/DEBUG] [REI] ========================================
[00:17:32] [main/DEBUG] [REI] REIServerPlugin ended main-reload for END in 4.006 ms.
[00:17:32] [main/DEBUG] [REI] ========================================
[00:17:32] [main/DEBUG] [REI] ========================================
[00:17:32] [main/DEBUG] [REI] REIPlugin starting post-reload for END.
[00:17:32] [main/DEBUG] [REI] Reloadables (7):
[00:17:32] [main/DEBUG] [REI]  - EntryTypeRegistryImpl
[00:17:32] [main/DEBUG] [REI]  - EntrySettingsAdapterRegistryImpl
[00:17:32] [main/DEBUG] [REI]  - RecipeManagerContextImpl
[00:17:32] [main/DEBUG] [REI]  - ItemComparatorRegistryImpl
[00:17:32] [main/DEBUG] [REI]  - FluidComparatorRegistryImpl
[00:17:32] [main/DEBUG] [REI]  - DisplaySerializerRegistryImpl
[00:17:32] [main/DEBUG] [REI]  - FluidSupportProviderImpl
[00:17:32] [main/DEBUG] [REI] Plugins (3):
[00:17:32] [main/DEBUG] [REI]  - (-100.00) DefaultPlugin of DefaultPlugin [roughlyenoughitems]
[00:17:32] [main/DEBUG] [REI]  - (0.00) FabricFluidAPISupportPlugin
[00:17:32] [main/DEBUG] [REI]  - (0.00) DefaultRuntimePlugin of DefaultRuntimePlugin [roughlyenoughitems]
[00:17:32] [main/DEBUG] [REI] ========================================
[00:17:32] [main/TRACE] [REI] [REIPlugin END] Reloading Section: "post-register/"
[00:17:32] [main/TRACE] [REI] [REIPlugin END] Reloading Section: "post-register/DefaultPlugin of DefaultPlugin [roughlyenoughitems]/"
[00:17:32] [main/TRACE] [REI] [REIPlugin END] Reloading Section: "post-register/DefaultPlugin of DefaultPlugin [roughlyenoughitems]/" done in 21.00 μs
[00:17:32] [main/TRACE] [REI] [REIPlugin END] Reloading Section: "post-register/FabricFluidAPISupportPlugin/"
[00:17:32] [main/TRACE] [REI] [REIPlugin END] Reloading Section: "post-register/FabricFluidAPISupportPlugin/" done in 19.87 μs
[00:17:32] [main/TRACE] [REI] [REIPlugin END] Reloading Section: "post-register/DefaultRuntimePlugin of DefaultRuntimePlugin [roughlyenoughitems]/"
[00:17:32] [main/TRACE] [REI] [REIPlugin END] Reloading Section: "post-register/DefaultRuntimePlugin of DefaultRuntimePlugin [roughlyenoughitems]/" done in 18.99 μs
[00:17:32] [main/TRACE] [REI] [REIPlugin END] Reloading Section: "post-register/" done in 196.8 μs
[00:17:32] [main/TRACE] [REI] [REIPlugin END] Reloading Section: "post-stage/"
[00:17:32] [main/TRACE] [REI] [REIPlugin END] Reloading Section: "post-stage/EntryTypeRegistryImpl/"
[00:17:32] [main/TRACE] [REI] [REIPlugin END] Reloading Section: "post-stage/EntryTypeRegistryImpl/" done in 15.90 μs
[00:17:32] [main/TRACE] [REI] [REIPlugin END] Reloading Section: "post-stage/EntrySettingsAdapterRegistryImpl/"
[00:17:32] [main/TRACE] [REI] [REIPlugin END] Reloading Section: "post-stage/EntrySettingsAdapterRegistryImpl/" done in 16.58 μs
[00:17:32] [main/TRACE] [REI] [REIPlugin END] Reloading Section: "post-stage/RecipeManagerContextImpl/"
[00:17:32] [main/TRACE] [REI] [REIPlugin END] Reloading Section: "post-stage/RecipeManagerContextImpl/" done in 16.55 μs
[00:17:32] [main/TRACE] [REI] [REIPlugin END] Reloading Section: "post-stage/ItemComparatorRegistryImpl/"
[00:17:32] [main/TRACE] [REI] [REIPlugin END] Reloading Section: "post-stage/ItemComparatorRegistryImpl/" done in 16.25 μs
[00:17:32] [main/TRACE] [REI] [REIPlugin END] Reloading Section: "post-stage/FluidComparatorRegistryImpl/"
[00:17:32] [main/TRACE] [REI] [REIPlugin END] Reloading Section: "post-stage/FluidComparatorRegistryImpl/" done in 15.62 μs
[00:17:32] [main/TRACE] [REI] [REIPlugin END] Reloading Section: "post-stage/DisplaySerializerRegistryImpl/"
[00:17:32] [main/TRACE] [REI] [REIPlugin END] Reloading Section: "post-stage/DisplaySerializerRegistryImpl/" done in 17.75 μs
[00:17:32] [main/TRACE] [REI] [REIPlugin END] Reloading Section: "post-stage/FluidSupportProviderImpl/"
[00:17:32] [main/TRACE] [REI] [REIPlugin END] Reloading Section: "post-stage/FluidSupportProviderImpl/" done in 22.74 μs
[00:17:32] [main/TRACE] [REI] [REIPlugin END] Reloading Section: "post-stage/" done in 461.7 μs
[00:17:32] [main/DEBUG] [REI] ========================================
[00:17:32] [main/INFO] [REI] REIPlugin finished post-reload for END in 729.6 μs, totaling 26.60 ms.
[00:17:32] [main/DEBUG] [REI] ========================================
[00:17:32] [main/DEBUG] [REI] ========================================
[00:17:32] [main/DEBUG] [REI] REIServerPlugin starting post-reload for END.
[00:17:32] [main/DEBUG] [REI] Reloadables (2):
[00:17:32] [main/DEBUG] [REI]  - MenuInfoRegistryImpl
[00:17:32] [main/DEBUG] [REI]  - SlotAccessorRegistryImpl
[00:17:32] [main/DEBUG] [REI] Plugins (3):
[00:17:32] [main/DEBUG] [REI]  - (-100.00) DefaultPlugin of DefaultPlugin [roughlyenoughitems]
[00:17:32] [main/DEBUG] [REI]  - (0.00) FabricFluidAPISupportPlugin
[00:17:32] [main/DEBUG] [REI]  - (0.00) DefaultRuntimePlugin of DefaultRuntimePlugin [roughlyenoughitems]
[00:17:32] [main/DEBUG] [REI] ========================================
[00:17:32] [main/TRACE] [REI] [REIServerPlugin END] Reloading Section: "post-register/"
[00:17:32] [main/TRACE] [REI] [REIServerPlugin END] Reloading Section: "post-register/DefaultPlugin of DefaultPlugin [roughlyenoughitems]/"
[00:17:32] [main/TRACE] [REI] [REIServerPlugin END] Reloading Section: "post-register/DefaultPlugin of DefaultPlugin [roughlyenoughitems]/" done in 28.65 μs
[00:17:32] [main/TRACE] [REI] [REIServerPlugin END] Reloading Section: "post-register/FabricFluidAPISupportPlugin/"
[00:17:32] [main/TRACE] [REI] [REIServerPlugin END] Reloading Section: "post-register/FabricFluidAPISupportPlugin/" done in 32.63 μs
[00:17:32] [main/TRACE] [REI] [REIServerPlugin END] Reloading Section: "post-register/DefaultRuntimePlugin of DefaultRuntimePlugin [roughlyenoughitems]/"
[00:17:32] [main/TRACE] [REI] [REIServerPlugin END] Reloading Section: "post-register/DefaultRuntimePlugin of DefaultRuntimePlugin [roughlyenoughitems]/" done in 25.32 μs
[00:17:32] [main/TRACE] [REI] [REIServerPlugin END] Reloading Section: "post-register/" done in 289.7 μs
[00:17:32] [main/TRACE] [REI] [REIServerPlugin END] Reloading Section: "post-stage/"
[00:17:32] [main/TRACE] [REI] [REIServerPlugin END] Reloading Section: "post-stage/MenuInfoRegistryImpl/"
[00:17:32] [main/TRACE] [REI] [REIServerPlugin END] Reloading Section: "post-stage/MenuInfoRegistryImpl/" done in 20.84 μs
[00:17:32] [main/TRACE] [REI] [REIServerPlugin END] Reloading Section: "post-stage/SlotAccessorRegistryImpl/"
[00:17:32] [main/TRACE] [REI] [REIServerPlugin END] Reloading Section: "post-stage/SlotAccessorRegistryImpl/" done in 16.92 μs
[00:17:32] [main/TRACE] [REI] [REIServerPlugin END] Reloading Section: "post-stage/" done in 144.5 μs
[00:17:32] [main/DEBUG] [REI] ========================================
[00:17:32] [main/INFO] [REI] REIServerPlugin finished post-reload for END in 720.8 μs, totaling 5.310 ms.
[00:17:32] [main/DEBUG] [REI] ========================================
